[26-Feb-2017 17:39:38 Asia/Tokyo] PHP Fatal error:  Class 'App\Http\Controllers\Micropost' not found in /home/ubuntu/workspace/kadai-microposts/app/Http/Controllers/MicropostsController.php on line 93
[26-Feb-2017 17:39:38 Asia/Tokyo] PHP Stack trace:
[26-Feb-2017 17:39:38 Asia/Tokyo] PHP   1. {main}() /home/ubuntu/workspace/kadai-microposts/server.php:0
[26-Feb-2017 17:39:38 Asia/Tokyo] PHP   2. require_once() /home/ubuntu/workspace/kadai-microposts/server.php:21
[26-Feb-2017 17:39:38 Asia/Tokyo] PHP   3. Illuminate\Foundation\Http\Kernel->handle() /home/ubuntu/workspace/kadai-microposts/public/index.php:54
[26-Feb-2017 17:39:38 Asia/Tokyo] PHP   4. Illuminate\Foundation\Http\Kernel->sendRequestThroughRouter() /home/ubuntu/workspace/kadai-microposts/vendor/laravel/framework/src/Illuminate/Foundation/Http/Kernel.php:87
[26-Feb-2017 17:39:38 Asia/Tokyo] PHP   5. Illuminate\Pipeline\Pipeline->then() /home/ubuntu/workspace/kadai-microposts/vendor/laravel/framework/src/Illuminate/Foundation/Http/Kernel.php:122
[26-Feb-2017 17:39:38 Asia/Tokyo] PHP   6. call_user_func:{/home/ubuntu/workspace/kadai-microposts/vendor/laravel/framework/src/Illuminate/Pipeline/Pipeline.php:103}() /home/ubuntu/workspace/kadai-microposts/vendor/laravel/framework/src/Illuminate/Pipeline/Pipeline.php:103
[26-Feb-2017 17:39:38 Asia/Tokyo] PHP   7. Illuminate\Pipeline\Pipeline->Illuminate\Pipeline\{closure}() /home/ubuntu/workspace/kadai-microposts/vendor/laravel/framework/src/Illuminate/Pipeline/Pipeline.php:103
[26-Feb-2017 17:39:38 Asia/Tokyo] PHP   8. call_user_func_array:{/home/ubuntu/workspace/kadai-microposts/vendor/laravel/framework/src/Illuminate/Pipeline/Pipeline.php:124}() /home/ubuntu/workspace/kadai-microposts/vendor/laravel/framework/src/Illuminate/Pipeline/Pipeline.php:124
[26-Feb-2017 17:39:38 Asia/Tokyo] PHP   9. Illuminate\Foundation\Http\Middleware\CheckForMaintenanceMode->handle() /home/ubuntu/workspace/kadai-microposts/vendor/laravel/framework/src/Illuminate/Pipeline/Pipeline.php:124
[26-Feb-2017 17:39:38 Asia/Tokyo] PHP  10. Illuminate\Pipeline\Pipeline->Illuminate\Pipeline\{closure}() /home/ubuntu/workspace/kadai-microposts/vendor/laravel/framework/src/Illuminate/Foundation/Http/Middleware/CheckForMaintenanceMode.php:44
[26-Feb-2017 17:39:38 Asia/Tokyo] PHP  11. call_user_func_array:{/home/ubuntu/workspace/kadai-microposts/vendor/laravel/framework/src/Illuminate/Pipeline/Pipeline.php:124}() /home/ubuntu/workspace/kadai-microposts/vendor/laravel/framework/src/Illuminate/Pipeline/Pipeline.php:124
[26-Feb-2017 17:39:38 Asia/Tokyo] PHP  12. Illuminate\Cookie\Middleware\EncryptCookies->handle() /home/ubuntu/workspace/kadai-microposts/vendor/laravel/framework/src/Illuminate/Pipeline/Pipeline.php:124
[26-Feb-2017 17:39:38 Asia/Tokyo] PHP  13. Illuminate\Pipeline\Pipeline->Illuminate\Pipeline\{closure}() /home/ubuntu/workspace/kadai-microposts/vendor/laravel/framework/src/Illuminate/Cookie/Middleware/EncryptCookies.php:59
[26-Feb-2017 17:39:38 Asia/Tokyo] PHP  14. call_user_func_array:{/home/ubuntu/workspace/kadai-microposts/vendor/laravel/framework/src/Illuminate/Pipeline/Pipeline.php:124}() /home/ubuntu/workspace/kadai-microposts/vendor/laravel/framework/src/Illuminate/Pipeline/Pipeline.php:124
[26-Feb-2017 17:39:38 Asia/Tokyo] PHP  15. Illuminate\Cookie\Middleware\AddQueuedCookiesToResponse->handle() /home/ubuntu/workspace/kadai-microposts/vendor/laravel/framework/src/Illuminate/Pipeline/Pipeline.php:124
[26-Feb-2017 17:39:38 Asia/Tokyo] PHP  16. Illuminate\Pipeline\Pipeline->Illuminate\Pipeline\{closure}() /home/ubuntu/workspace/kadai-microposts/vendor/laravel/framework/src/Illuminate/Cookie/Middleware/AddQueuedCookiesToResponse.php:37
[26-Feb-2017 17:39:38 Asia/Tokyo] PHP  17. call_user_func_array:{/home/ubuntu/workspace/kadai-microposts/vendor/laravel/framework/src/Illuminate/Pipeline/Pipeline.php:124}() /home/ubuntu/workspace/kadai-microposts/vendor/laravel/framework/src/Illuminate/Pipeline/Pipeline.php:124
[26-Feb-2017 17:39:38 Asia/Tokyo] PHP  18. Illuminate\Session\Middleware\StartSession->handle() /home/ubuntu/workspace/kadai-microposts/vendor/laravel/framework/src/Illuminate/Pipeline/Pipeline.php:124
[26-Feb-2017 17:39:38 Asia/Tokyo] PHP  19. Illuminate\Pipeline\Pipeline->Illuminate\Pipeline\{closure}() /home/ubuntu/workspace/kadai-microposts/vendor/laravel/framework/src/Illuminate/Session/Middleware/StartSession.php:62
[26-Feb-2017 17:39:38 Asia/Tokyo] PHP  20. call_user_func_array:{/home/ubuntu/workspace/kadai-microposts/vendor/laravel/framework/src/Illuminate/Pipeline/Pipeline.php:124}() /home/ubuntu/workspace/kadai-microposts/vendor/laravel/framework/src/Illuminate/Pipeline/Pipeline.php:124
[26-Feb-2017 17:39:38 Asia/Tokyo] PHP  21. Illuminate\View\Middleware\ShareErrorsFromSession->handle() /home/ubuntu/workspace/kadai-microposts/vendor/laravel/framework/src/Illuminate/Pipeline/Pipeline.php:124
[26-Feb-2017 17:39:38 Asia/Tokyo] PHP  22. Illuminate\Pipeline\Pipeline->Illuminate\Pipeline\{closure}() /home/ubuntu/workspace/kadai-microposts/vendor/laravel/framework/src/Illuminate/View/Middleware/ShareErrorsFromSession.php:49
[26-Feb-2017 17:39:38 Asia/Tokyo] PHP  23. call_user_func_array:{/home/ubuntu/workspace/kadai-microposts/vendor/laravel/framework/src/Illuminate/Pipeline/Pipeline.php:124}() /home/ubuntu/workspace/kadai-microposts/vendor/laravel/framework/src/Illuminate/Pipeline/Pipeline.php:124
[26-Feb-2017 17:39:38 Asia/Tokyo] PHP  24. Illuminate\Foundation\Http\Middleware\VerifyCsrfToken->handle() /home/ubuntu/workspace/kadai-microposts/vendor/laravel/framework/src/Illuminate/Pipeline/Pipeline.php:124
[26-Feb-2017 17:39:38 Asia/Tokyo] PHP  25. Illuminate\Pipeline\Pipeline->Illuminate\Pipeline\{closure}() /home/ubuntu/workspace/kadai-microposts/vendor/laravel/framework/src/Illuminate/Foundation/Http/Middleware/VerifyCsrfToken.php:50
[26-Feb-2017 17:39:38 Asia/Tokyo] PHP  26. call_user_func:{/home/ubuntu/workspace/kadai-microposts/vendor/laravel/framework/src/Illuminate/Pipeline/Pipeline.php:139}() /home/ubuntu/workspace/kadai-microposts/vendor/laravel/framework/src/Illuminate/Pipeline/Pipeline.php:139
[26-Feb-2017 17:39:38 Asia/Tokyo] PHP  27. Illuminate\Foundation\Http\Kernel->Illuminate\Foundation\Http\{closure}() /home/ubuntu/workspace/kadai-microposts/vendor/laravel/framework/src/Illuminate/Pipeline/Pipeline.php:139
[26-Feb-2017 17:39:38 Asia/Tokyo] PHP  28. Illuminate\Routing\Router->dispatch() /home/ubuntu/workspace/kadai-microposts/vendor/laravel/framework/src/Illuminate/Foundation/Http/Kernel.php:236
[26-Feb-2017 17:39:38 Asia/Tokyo] PHP  29. Illuminate\Routing\Router->dispatchToRoute() /home/ubuntu/workspace/kadai-microposts/vendor/laravel/framework/src/Illuminate/Routing/Router.php:635
[26-Feb-2017 17:39:38 Asia/Tokyo] PHP  30. Illuminate\Routing\Router->runRouteWithinStack() /home/ubuntu/workspace/kadai-microposts/vendor/laravel/framework/src/Illuminate/Routing/Router.php:675
[26-Feb-2017 17:39:38 Asia/Tokyo] PHP  31. Illuminate\Pipeline\Pipeline->then() /home/ubuntu/workspace/kadai-microposts/vendor/laravel/framework/src/Illuminate/Routing/Router.php:710
[26-Feb-2017 17:39:38 Asia/Tokyo] PHP  32. call_user_func:{/home/ubuntu/workspace/kadai-microposts/vendor/laravel/framework/src/Illuminate/Pipeline/Pipeline.php:103}() /home/ubuntu/workspace/kadai-microposts/vendor/laravel/framework/src/Illuminate/Pipeline/Pipeline.php:103
[26-Feb-2017 17:39:38 Asia/Tokyo] PHP  33. Illuminate\Pipeline\Pipeline->Illuminate\Pipeline\{closure}() /home/ubuntu/workspace/kadai-microposts/vendor/laravel/framework/src/Illuminate/Pipeline/Pipeline.php:103
[26-Feb-2017 17:39:38 Asia/Tokyo] PHP  34. call_user_func_array:{/home/ubuntu/workspace/kadai-microposts/vendor/laravel/framework/src/Illuminate/Pipeline/Pipeline.php:124}() /home/ubuntu/workspace/kadai-microposts/vendor/laravel/framework/src/Illuminate/Pipeline/Pipeline.php:124
[26-Feb-2017 17:39:38 Asia/Tokyo] PHP  35. App\Http\Middleware\Authenticate->handle() /home/ubuntu/workspace/kadai-microposts/vendor/laravel/framework/src/Illuminate/Pipeline/Pipeline.php:124
[26-Feb-2017 17:39:38 Asia/Tokyo] PHP  36. Illuminate\Pipeline\Pipeline->Illuminate\Pipeline\{closure}() /home/ubuntu/workspace/kadai-microposts/app/Http/Middleware/Authenticate.php:46
[26-Feb-2017 17:39:38 Asia/Tokyo] PHP  37. call_user_func:{/home/ubuntu/workspace/kadai-microposts/vendor/laravel/framework/src/Illuminate/Pipeline/Pipeline.php:139}() /home/ubuntu/workspace/kadai-microposts/vendor/laravel/framework/src/Illuminate/Pipeline/Pipeline.php:139
[26-Feb-2017 17:39:38 Asia/Tokyo] PHP  38. Illuminate\Routing\Router->Illuminate\Routing\{closure}() /home/ubuntu/workspace/kadai-microposts/vendor/laravel/framework/src/Illuminate/Pipeline/Pipeline.php:139
[26-Feb-2017 17:39:38 Asia/Tokyo] PHP  39. Illuminate\Routing\Route->run() /home/ubuntu/workspace/kadai-microposts/vendor/laravel/framework/src/Illuminate/Routing/Router.php:708
[26-Feb-2017 17:39:38 Asia/Tokyo] PHP  40. Illuminate\Routing\Route->runWithCustomDispatcher() /home/ubuntu/workspace/kadai-microposts/vendor/laravel/framework/src/Illuminate/Routing/Route.php:134
[26-Feb-2017 17:39:38 Asia/Tokyo] PHP  41. Illuminate\Routing\ControllerDispatcher->dispatch() /home/ubuntu/workspace/kadai-microposts/vendor/laravel/framework/src/Illuminate/Routing/Route.php:203
[26-Feb-2017 17:39:38 Asia/Tokyo] PHP  42. Illuminate\Routing\ControllerDispatcher->callWithinStack() /home/ubuntu/workspace/kadai-microposts/vendor/laravel/framework/src/Illuminate/Routing/ControllerDispatcher.php:69
[26-Feb-2017 17:39:38 Asia/Tokyo] PHP  43. Illuminate\Pipeline\Pipeline->then() /home/ubuntu/workspace/kadai-microposts/vendor/laravel/framework/src/Illuminate/Routing/ControllerDispatcher.php:114
[26-Feb-2017 17:39:38 Asia/Tokyo] PHP  44. call_user_func:{/home/ubuntu/workspace/kadai-microposts/vendor/laravel/framework/src/Illuminate/Pipeline/Pipeline.php:103}() /home/ubuntu/workspace/kadai-microposts/vendor/laravel/framework/src/Illuminate/Pipeline/Pipeline.php:103
[26-Feb-2017 17:39:38 Asia/Tokyo] PHP  45. Illuminate\Pipeline\Pipeline->Illuminate\Pipeline\{closure}() /home/ubuntu/workspace/kadai-microposts/vendor/laravel/framework/src/Illuminate/Pipeline/Pipeline.php:103
[26-Feb-2017 17:39:38 Asia/Tokyo] PHP  46. call_user_func:{/home/ubuntu/workspace/kadai-microposts/vendor/laravel/framework/src/Illuminate/Pipeline/Pipeline.php:139}() /home/ubuntu/workspace/kadai-microposts/vendor/laravel/framework/src/Illuminate/Pipeline/Pipeline.php:139
[26-Feb-2017 17:39:38 Asia/Tokyo] PHP  47. Illuminate\Routing\ControllerDispatcher->Illuminate\Routing\{closure}() /home/ubuntu/workspace/kadai-microposts/vendor/laravel/framework/src/Illuminate/Pipeline/Pipeline.php:139
[26-Feb-2017 17:39:38 Asia/Tokyo] PHP  48. Illuminate\Routing\ControllerDispatcher->call() /home/ubuntu/workspace/kadai-microposts/vendor/laravel/framework/src/Illuminate/Routing/ControllerDispatcher.php:112
[26-Feb-2017 17:39:38 Asia/Tokyo] PHP  49. Illuminate\Routing\Controller->callAction() /home/ubuntu/workspace/kadai-microposts/vendor/laravel/framework/src/Illuminate/Routing/ControllerDispatcher.php:164
[26-Feb-2017 17:39:38 Asia/Tokyo] PHP  50. call_user_func_array:{/home/ubuntu/workspace/kadai-microposts/vendor/laravel/framework/src/Illuminate/Routing/Controller.php:256}() /home/ubuntu/workspace/kadai-microposts/vendor/laravel/framework/src/Illuminate/Routing/Controller.php:256
[26-Feb-2017 17:39:38 Asia/Tokyo] PHP  51. App\Http\Controllers\MicropostsController->destroy() /home/ubuntu/workspace/kadai-microposts/vendor/laravel/framework/src/Illuminate/Routing/Controller.php:256
[26-Feb-2017 17:43:31 Asia/Tokyo] PHP Fatal error:  Class 'App\Http\Controllers\Micropost' not found in /home/ubuntu/workspace/kadai-microposts/app/Http/Controllers/MicropostsController.php on line 94
[26-Feb-2017 17:43:31 Asia/Tokyo] PHP Stack trace:
[26-Feb-2017 17:43:31 Asia/Tokyo] PHP   1. {main}() /home/ubuntu/workspace/kadai-microposts/server.php:0
[26-Feb-2017 17:43:31 Asia/Tokyo] PHP   2. require_once() /home/ubuntu/workspace/kadai-microposts/server.php:21
[26-Feb-2017 17:43:31 Asia/Tokyo] PHP   3. Illuminate\Foundation\Http\Kernel->handle() /home/ubuntu/workspace/kadai-microposts/public/index.php:54
[26-Feb-2017 17:43:31 Asia/Tokyo] PHP   4. Illuminate\Foundation\Http\Kernel->sendRequestThroughRouter() /home/ubuntu/workspace/kadai-microposts/vendor/laravel/framework/src/Illuminate/Foundation/Http/Kernel.php:87
[26-Feb-2017 17:43:31 Asia/Tokyo] PHP   5. Illuminate\Pipeline\Pipeline->then() /home/ubuntu/workspace/kadai-microposts/vendor/laravel/framework/src/Illuminate/Foundation/Http/Kernel.php:122
[26-Feb-2017 17:43:31 Asia/Tokyo] PHP   6. call_user_func:{/home/ubuntu/workspace/kadai-microposts/vendor/laravel/framework/src/Illuminate/Pipeline/Pipeline.php:103}() /home/ubuntu/workspace/kadai-microposts/vendor/laravel/framework/src/Illuminate/Pipeline/Pipeline.php:103
[26-Feb-2017 17:43:31 Asia/Tokyo] PHP   7. Illuminate\Pipeline\Pipeline->Illuminate\Pipeline\{closure}() /home/ubuntu/workspace/kadai-microposts/vendor/laravel/framework/src/Illuminate/Pipeline/Pipeline.php:103
[26-Feb-2017 17:43:31 Asia/Tokyo] PHP   8. call_user_func_array:{/home/ubuntu/workspace/kadai-microposts/vendor/laravel/framework/src/Illuminate/Pipeline/Pipeline.php:124}() /home/ubuntu/workspace/kadai-microposts/vendor/laravel/framework/src/Illuminate/Pipeline/Pipeline.php:124
[26-Feb-2017 17:43:31 Asia/Tokyo] PHP   9. Illuminate\Foundation\Http\Middleware\CheckForMaintenanceMode->handle() /home/ubuntu/workspace/kadai-microposts/vendor/laravel/framework/src/Illuminate/Pipeline/Pipeline.php:124
[26-Feb-2017 17:43:31 Asia/Tokyo] PHP  10. Illuminate\Pipeline\Pipeline->Illuminate\Pipeline\{closure}() /home/ubuntu/workspace/kadai-microposts/vendor/laravel/framework/src/Illuminate/Foundation/Http/Middleware/CheckForMaintenanceMode.php:44
[26-Feb-2017 17:43:31 Asia/Tokyo] PHP  11. call_user_func_array:{/home/ubuntu/workspace/kadai-microposts/vendor/laravel/framework/src/Illuminate/Pipeline/Pipeline.php:124}() /home/ubuntu/workspace/kadai-microposts/vendor/laravel/framework/src/Illuminate/Pipeline/Pipeline.php:124
[26-Feb-2017 17:43:31 Asia/Tokyo] PHP  12. Illuminate\Cookie\Middleware\EncryptCookies->handle() /home/ubuntu/workspace/kadai-microposts/vendor/laravel/framework/src/Illuminate/Pipeline/Pipeline.php:124
[26-Feb-2017 17:43:31 Asia/Tokyo] PHP  13. Illuminate\Pipeline\Pipeline->Illuminate\Pipeline\{closure}() /home/ubuntu/workspace/kadai-microposts/vendor/laravel/framework/src/Illuminate/Cookie/Middleware/EncryptCookies.php:59
[26-Feb-2017 17:43:31 Asia/Tokyo] PHP  14. call_user_func_array:{/home/ubuntu/workspace/kadai-microposts/vendor/laravel/framework/src/Illuminate/Pipeline/Pipeline.php:124}() /home/ubuntu/workspace/kadai-microposts/vendor/laravel/framework/src/Illuminate/Pipeline/Pipeline.php:124
[26-Feb-2017 17:43:31 Asia/Tokyo] PHP  15. Illuminate\Cookie\Middleware\AddQueuedCookiesToResponse->handle() /home/ubuntu/workspace/kadai-microposts/vendor/laravel/framework/src/Illuminate/Pipeline/Pipeline.php:124
[26-Feb-2017 17:43:31 Asia/Tokyo] PHP  16. Illuminate\Pipeline\Pipeline->Illuminate\Pipeline\{closure}() /home/ubuntu/workspace/kadai-microposts/vendor/laravel/framework/src/Illuminate/Cookie/Middleware/AddQueuedCookiesToResponse.php:37
[26-Feb-2017 17:43:31 Asia/Tokyo] PHP  17. call_user_func_array:{/home/ubuntu/workspace/kadai-microposts/vendor/laravel/framework/src/Illuminate/Pipeline/Pipeline.php:124}() /home/ubuntu/workspace/kadai-microposts/vendor/laravel/framework/src/Illuminate/Pipeline/Pipeline.php:124
[26-Feb-2017 17:43:31 Asia/Tokyo] PHP  18. Illuminate\Session\Middleware\StartSession->handle() /home/ubuntu/workspace/kadai-microposts/vendor/laravel/framework/src/Illuminate/Pipeline/Pipeline.php:124
[26-Feb-2017 17:43:31 Asia/Tokyo] PHP  19. Illuminate\Pipeline\Pipeline->Illuminate\Pipeline\{closure}() /home/ubuntu/workspace/kadai-microposts/vendor/laravel/framework/src/Illuminate/Session/Middleware/StartSession.php:62
[26-Feb-2017 17:43:31 Asia/Tokyo] PHP  20. call_user_func_array:{/home/ubuntu/workspace/kadai-microposts/vendor/laravel/framework/src/Illuminate/Pipeline/Pipeline.php:124}() /home/ubuntu/workspace/kadai-microposts/vendor/laravel/framework/src/Illuminate/Pipeline/Pipeline.php:124
[26-Feb-2017 17:43:31 Asia/Tokyo] PHP  21. Illuminate\View\Middleware\ShareErrorsFromSession->handle() /home/ubuntu/workspace/kadai-microposts/vendor/laravel/framework/src/Illuminate/Pipeline/Pipeline.php:124
[26-Feb-2017 17:43:31 Asia/Tokyo] PHP  22. Illuminate\Pipeline\Pipeline->Illuminate\Pipeline\{closure}() /home/ubuntu/workspace/kadai-microposts/vendor/laravel/framework/src/Illuminate/View/Middleware/ShareErrorsFromSession.php:49
[26-Feb-2017 17:43:31 Asia/Tokyo] PHP  23. call_user_func_array:{/home/ubuntu/workspace/kadai-microposts/vendor/laravel/framework/src/Illuminate/Pipeline/Pipeline.php:124}() /home/ubuntu/workspace/kadai-microposts/vendor/laravel/framework/src/Illuminate/Pipeline/Pipeline.php:124
[26-Feb-2017 17:43:31 Asia/Tokyo] PHP  24. Illuminate\Foundation\Http\Middleware\VerifyCsrfToken->handle() /home/ubuntu/workspace/kadai-microposts/vendor/laravel/framework/src/Illuminate/Pipeline/Pipeline.php:124
[26-Feb-2017 17:43:31 Asia/Tokyo] PHP  25. Illuminate\Pipeline\Pipeline->Illuminate\Pipeline\{closure}() /home/ubuntu/workspace/kadai-microposts/vendor/laravel/framework/src/Illuminate/Foundation/Http/Middleware/VerifyCsrfToken.php:50
[26-Feb-2017 17:43:31 Asia/Tokyo] PHP  26. call_user_func:{/home/ubuntu/workspace/kadai-microposts/vendor/laravel/framework/src/Illuminate/Pipeline/Pipeline.php:139}() /home/ubuntu/workspace/kadai-microposts/vendor/laravel/framework/src/Illuminate/Pipeline/Pipeline.php:139
[26-Feb-2017 17:43:31 Asia/Tokyo] PHP  27. Illuminate\Foundation\Http\Kernel->Illuminate\Foundation\Http\{closure}() /home/ubuntu/workspace/kadai-microposts/vendor/laravel/framework/src/Illuminate/Pipeline/Pipeline.php:139
[26-Feb-2017 17:43:31 Asia/Tokyo] PHP  28. Illuminate\Routing\Router->dispatch() /home/ubuntu/workspace/kadai-microposts/vendor/laravel/framework/src/Illuminate/Foundation/Http/Kernel.php:236
[26-Feb-2017 17:43:31 Asia/Tokyo] PHP  29. Illuminate\Routing\Router->dispatchToRoute() /home/ubuntu/workspace/kadai-microposts/vendor/laravel/framework/src/Illuminate/Routing/Router.php:635
[26-Feb-2017 17:43:31 Asia/Tokyo] PHP  30. Illuminate\Routing\Router->runRouteWithinStack() /home/ubuntu/workspace/kadai-microposts/vendor/laravel/framework/src/Illuminate/Routing/Router.php:675
[26-Feb-2017 17:43:31 Asia/Tokyo] PHP  31. Illuminate\Pipeline\Pipeline->then() /home/ubuntu/workspace/kadai-microposts/vendor/laravel/framework/src/Illuminate/Routing/Router.php:710
[26-Feb-2017 17:43:31 Asia/Tokyo] PHP  32. call_user_func:{/home/ubuntu/workspace/kadai-microposts/vendor/laravel/framework/src/Illuminate/Pipeline/Pipeline.php:103}() /home/ubuntu/workspace/kadai-microposts/vendor/laravel/framework/src/Illuminate/Pipeline/Pipeline.php:103
[26-Feb-2017 17:43:31 Asia/Tokyo] PHP  33. Illuminate\Pipeline\Pipeline->Illuminate\Pipeline\{closure}() /home/ubuntu/workspace/kadai-microposts/vendor/laravel/framework/src/Illuminate/Pipeline/Pipeline.php:103
[26-Feb-2017 17:43:31 Asia/Tokyo] PHP  34. call_user_func_array:{/home/ubuntu/workspace/kadai-microposts/vendor/laravel/framework/src/Illuminate/Pipeline/Pipeline.php:124}() /home/ubuntu/workspace/kadai-microposts/vendor/laravel/framework/src/Illuminate/Pipeline/Pipeline.php:124
[26-Feb-2017 17:43:31 Asia/Tokyo] PHP  35. App\Http\Middleware\Authenticate->handle() /home/ubuntu/workspace/kadai-microposts/vendor/laravel/framework/src/Illuminate/Pipeline/Pipeline.php:124
[26-Feb-2017 17:43:31 Asia/Tokyo] PHP  36. Illuminate\Pipeline\Pipeline->Illuminate\Pipeline\{closure}() /home/ubuntu/workspace/kadai-microposts/app/Http/Middleware/Authenticate.php:46
[26-Feb-2017 17:43:31 Asia/Tokyo] PHP  37. call_user_func:{/home/ubuntu/workspace/kadai-microposts/vendor/laravel/framework/src/Illuminate/Pipeline/Pipeline.php:139}() /home/ubuntu/workspace/kadai-microposts/vendor/laravel/framework/src/Illuminate/Pipeline/Pipeline.php:139
[26-Feb-2017 17:43:31 Asia/Tokyo] PHP  38. Illuminate\Routing\Router->Illuminate\Routing\{closure}() /home/ubuntu/workspace/kadai-microposts/vendor/laravel/framework/src/Illuminate/Pipeline/Pipeline.php:139
[26-Feb-2017 17:43:31 Asia/Tokyo] PHP  39. Illuminate\Routing\Route->run() /home/ubuntu/workspace/kadai-microposts/vendor/laravel/framework/src/Illuminate/Routing/Router.php:708
[26-Feb-2017 17:43:31 Asia/Tokyo] PHP  40. Illuminate\Routing\Route->runWithCustomDispatcher() /home/ubuntu/workspace/kadai-microposts/vendor/laravel/framework/src/Illuminate/Routing/Route.php:134
[26-Feb-2017 17:43:31 Asia/Tokyo] PHP  41. Illuminate\Routing\ControllerDispatcher->dispatch() /home/ubuntu/workspace/kadai-microposts/vendor/laravel/framework/src/Illuminate/Routing/Route.php:203
[26-Feb-2017 17:43:31 Asia/Tokyo] PHP  42. Illuminate\Routing\ControllerDispatcher->callWithinStack() /home/ubuntu/workspace/kadai-microposts/vendor/laravel/framework/src/Illuminate/Routing/ControllerDispatcher.php:69
[26-Feb-2017 17:43:31 Asia/Tokyo] PHP  43. Illuminate\Pipeline\Pipeline->then() /home/ubuntu/workspace/kadai-microposts/vendor/laravel/framework/src/Illuminate/Routing/ControllerDispatcher.php:114
[26-Feb-2017 17:43:31 Asia/Tokyo] PHP  44. call_user_func:{/home/ubuntu/workspace/kadai-microposts/vendor/laravel/framework/src/Illuminate/Pipeline/Pipeline.php:103}() /home/ubuntu/workspace/kadai-microposts/vendor/laravel/framework/src/Illuminate/Pipeline/Pipeline.php:103
[26-Feb-2017 17:43:31 Asia/Tokyo] PHP  45. Illuminate\Pipeline\Pipeline->Illuminate\Pipeline\{closure}() /home/ubuntu/workspace/kadai-microposts/vendor/laravel/framework/src/Illuminate/Pipeline/Pipeline.php:103
[26-Feb-2017 17:43:31 Asia/Tokyo] PHP  46. call_user_func:{/home/ubuntu/workspace/kadai-microposts/vendor/laravel/framework/src/Illuminate/Pipeline/Pipeline.php:139}() /home/ubuntu/workspace/kadai-microposts/vendor/laravel/framework/src/Illuminate/Pipeline/Pipeline.php:139
[26-Feb-2017 17:43:31 Asia/Tokyo] PHP  47. Illuminate\Routing\ControllerDispatcher->Illuminate\Routing\{closure}() /home/ubuntu/workspace/kadai-microposts/vendor/laravel/framework/src/Illuminate/Pipeline/Pipeline.php:139
[26-Feb-2017 17:43:31 Asia/Tokyo] PHP  48. Illuminate\Routing\ControllerDispatcher->call() /home/ubuntu/workspace/kadai-microposts/vendor/laravel/framework/src/Illuminate/Routing/ControllerDispatcher.php:112
[26-Feb-2017 17:43:31 Asia/Tokyo] PHP  49. Illuminate\Routing\Controller->callAction() /home/ubuntu/workspace/kadai-microposts/vendor/laravel/framework/src/Illuminate/Routing/ControllerDispatcher.php:164
[26-Feb-2017 17:43:31 Asia/Tokyo] PHP  50. call_user_func_array:{/home/ubuntu/workspace/kadai-microposts/vendor/laravel/framework/src/Illuminate/Routing/Controller.php:256}() /home/ubuntu/workspace/kadai-microposts/vendor/laravel/framework/src/Illuminate/Routing/Controller.php:256
[26-Feb-2017 17:43:31 Asia/Tokyo] PHP  51. App\Http\Controllers\MicropostsController->destroy() /home/ubuntu/workspace/kadai-microposts/vendor/laravel/framework/src/Illuminate/Routing/Controller.php:256
[26-Feb-2017 19:06:04 Asia/Tokyo] PHP Parse error:  syntax error, unexpected '->' (T_OBJECT_OPERATOR) in /home/ubuntu/workspace/kadai-microposts/app/User.php on line 142
[26-Feb-2017 19:06:04 Asia/Tokyo] PHP Stack trace:
[26-Feb-2017 19:06:04 Asia/Tokyo] PHP   1. {main}() /home/ubuntu/workspace/kadai-microposts/server.php:0
[26-Feb-2017 19:06:04 Asia/Tokyo] PHP   2. require_once() /home/ubuntu/workspace/kadai-microposts/server.php:21
[26-Feb-2017 19:06:04 Asia/Tokyo] PHP   3. Illuminate\Foundation\Http\Kernel->handle() /home/ubuntu/workspace/kadai-microposts/public/index.php:54
[26-Feb-2017 19:06:04 Asia/Tokyo] PHP   4. Illuminate\Foundation\Http\Kernel->sendRequestThroughRouter() /home/ubuntu/workspace/kadai-microposts/vendor/laravel/framework/src/Illuminate/Foundation/Http/Kernel.php:87
[26-Feb-2017 19:06:04 Asia/Tokyo] PHP   5. Illuminate\Pipeline\Pipeline->then() /home/ubuntu/workspace/kadai-microposts/vendor/laravel/framework/src/Illuminate/Foundation/Http/Kernel.php:122
[26-Feb-2017 19:06:04 Asia/Tokyo] PHP   6. call_user_func:{/home/ubuntu/workspace/kadai-microposts/vendor/laravel/framework/src/Illuminate/Pipeline/Pipeline.php:103}() /home/ubuntu/workspace/kadai-microposts/vendor/laravel/framework/src/Illuminate/Pipeline/Pipeline.php:103
[26-Feb-2017 19:06:04 Asia/Tokyo] PHP   7. Illuminate\Pipeline\Pipeline->Illuminate\Pipeline\{closure}() /home/ubuntu/workspace/kadai-microposts/vendor/laravel/framework/src/Illuminate/Pipeline/Pipeline.php:103
[26-Feb-2017 19:06:04 Asia/Tokyo] PHP   8. call_user_func_array:{/home/ubuntu/workspace/kadai-microposts/vendor/laravel/framework/src/Illuminate/Pipeline/Pipeline.php:124}() /home/ubuntu/workspace/kadai-microposts/vendor/laravel/framework/src/Illuminate/Pipeline/Pipeline.php:124
[26-Feb-2017 19:06:04 Asia/Tokyo] PHP   9. Illuminate\Foundation\Http\Middleware\CheckForMaintenanceMode->handle() /home/ubuntu/workspace/kadai-microposts/vendor/laravel/framework/src/Illuminate/Pipeline/Pipeline.php:124
[26-Feb-2017 19:06:04 Asia/Tokyo] PHP  10. Illuminate\Pipeline\Pipeline->Illuminate\Pipeline\{closure}() /home/ubuntu/workspace/kadai-microposts/vendor/laravel/framework/src/Illuminate/Foundation/Http/Middleware/CheckForMaintenanceMode.php:44
[26-Feb-2017 19:06:04 Asia/Tokyo] PHP  11. call_user_func_array:{/home/ubuntu/workspace/kadai-microposts/vendor/laravel/framework/src/Illuminate/Pipeline/Pipeline.php:124}() /home/ubuntu/workspace/kadai-microposts/vendor/laravel/framework/src/Illuminate/Pipeline/Pipeline.php:124
[26-Feb-2017 19:06:04 Asia/Tokyo] PHP  12. Illuminate\Cookie\Middleware\EncryptCookies->handle() /home/ubuntu/workspace/kadai-microposts/vendor/laravel/framework/src/Illuminate/Pipeline/Pipeline.php:124
[26-Feb-2017 19:06:04 Asia/Tokyo] PHP  13. Illuminate\Pipeline\Pipeline->Illuminate\Pipeline\{closure}() /home/ubuntu/workspace/kadai-microposts/vendor/laravel/framework/src/Illuminate/Cookie/Middleware/EncryptCookies.php:59
[26-Feb-2017 19:06:04 Asia/Tokyo] PHP  14. call_user_func_array:{/home/ubuntu/workspace/kadai-microposts/vendor/laravel/framework/src/Illuminate/Pipeline/Pipeline.php:124}() /home/ubuntu/workspace/kadai-microposts/vendor/laravel/framework/src/Illuminate/Pipeline/Pipeline.php:124
[26-Feb-2017 19:06:04 Asia/Tokyo] PHP  15. Illuminate\Cookie\Middleware\AddQueuedCookiesToResponse->handle() /home/ubuntu/workspace/kadai-microposts/vendor/laravel/framework/src/Illuminate/Pipeline/Pipeline.php:124
[26-Feb-2017 19:06:04 Asia/Tokyo] PHP  16. Illuminate\Pipeline\Pipeline->Illuminate\Pipeline\{closure}() /home/ubuntu/workspace/kadai-microposts/vendor/laravel/framework/src/Illuminate/Cookie/Middleware/AddQueuedCookiesToResponse.php:37
[26-Feb-2017 19:06:04 Asia/Tokyo] PHP  17. call_user_func_array:{/home/ubuntu/workspace/kadai-microposts/vendor/laravel/framework/src/Illuminate/Pipeline/Pipeline.php:124}() /home/ubuntu/workspace/kadai-microposts/vendor/laravel/framework/src/Illuminate/Pipeline/Pipeline.php:124
[26-Feb-2017 19:06:04 Asia/Tokyo] PHP  18. Illuminate\Session\Middleware\StartSession->handle() /home/ubuntu/workspace/kadai-microposts/vendor/laravel/framework/src/Illuminate/Pipeline/Pipeline.php:124
[26-Feb-2017 19:06:04 Asia/Tokyo] PHP  19. Illuminate\Pipeline\Pipeline->Illuminate\Pipeline\{closure}() /home/ubuntu/workspace/kadai-microposts/vendor/laravel/framework/src/Illuminate/Session/Middleware/StartSession.php:62
[26-Feb-2017 19:06:04 Asia/Tokyo] PHP  20. call_user_func_array:{/home/ubuntu/workspace/kadai-microposts/vendor/laravel/framework/src/Illuminate/Pipeline/Pipeline.php:124}() /home/ubuntu/workspace/kadai-microposts/vendor/laravel/framework/src/Illuminate/Pipeline/Pipeline.php:124
[26-Feb-2017 19:06:04 Asia/Tokyo] PHP  21. Illuminate\View\Middleware\ShareErrorsFromSession->handle() /home/ubuntu/workspace/kadai-microposts/vendor/laravel/framework/src/Illuminate/Pipeline/Pipeline.php:124
[26-Feb-2017 19:06:04 Asia/Tokyo] PHP  22. Illuminate\Pipeline\Pipeline->Illuminate\Pipeline\{closure}() /home/ubuntu/workspace/kadai-microposts/vendor/laravel/framework/src/Illuminate/View/Middleware/ShareErrorsFromSession.php:49
[26-Feb-2017 19:06:04 Asia/Tokyo] PHP  23. call_user_func_array:{/home/ubuntu/workspace/kadai-microposts/vendor/laravel/framework/src/Illuminate/Pipeline/Pipeline.php:124}() /home/ubuntu/workspace/kadai-microposts/vendor/laravel/framework/src/Illuminate/Pipeline/Pipeline.php:124
[26-Feb-2017 19:06:04 Asia/Tokyo] PHP  24. Illuminate\Foundation\Http\Middleware\VerifyCsrfToken->handle() /home/ubuntu/workspace/kadai-microposts/vendor/laravel/framework/src/Illuminate/Pipeline/Pipeline.php:124
[26-Feb-2017 19:06:04 Asia/Tokyo] PHP  25. Illuminate\Pipeline\Pipeline->Illuminate\Pipeline\{closure}() /home/ubuntu/workspace/kadai-microposts/vendor/laravel/framework/src/Illuminate/Foundation/Http/Middleware/VerifyCsrfToken.php:50
[26-Feb-2017 19:06:04 Asia/Tokyo] PHP  26. call_user_func:{/home/ubuntu/workspace/kadai-microposts/vendor/laravel/framework/src/Illuminate/Pipeline/Pipeline.php:139}() /home/ubuntu/workspace/kadai-microposts/vendor/laravel/framework/src/Illuminate/Pipeline/Pipeline.php:139
[26-Feb-2017 19:06:04 Asia/Tokyo] PHP  27. Illuminate\Foundation\Http\Kernel->Illuminate\Foundation\Http\{closure}() /home/ubuntu/workspace/kadai-microposts/vendor/laravel/framework/src/Illuminate/Pipeline/Pipeline.php:139
[26-Feb-2017 19:06:04 Asia/Tokyo] PHP  28. Illuminate\Routing\Router->dispatch() /home/ubuntu/workspace/kadai-microposts/vendor/laravel/framework/src/Illuminate/Foundation/Http/Kernel.php:236
[26-Feb-2017 19:06:04 Asia/Tokyo] PHP  29. Illuminate\Routing\Router->dispatchToRoute() /home/ubuntu/workspace/kadai-microposts/vendor/laravel/framework/src/Illuminate/Routing/Router.php:635
[26-Feb-2017 19:06:04 Asia/Tokyo] PHP  30. Illuminate\Routing\Router->runRouteWithinStack() /home/ubuntu/workspace/kadai-microposts/vendor/laravel/framework/src/Illuminate/Routing/Router.php:675
[26-Feb-2017 19:06:04 Asia/Tokyo] PHP  31. Illuminate\Pipeline\Pipeline->then() /home/ubuntu/workspace/kadai-microposts/vendor/laravel/framework/src/Illuminate/Routing/Router.php:710
[26-Feb-2017 19:06:04 Asia/Tokyo] PHP  32. call_user_func:{/home/ubuntu/workspace/kadai-microposts/vendor/laravel/framework/src/Illuminate/Pipeline/Pipeline.php:103}() /home/ubuntu/workspace/kadai-microposts/vendor/laravel/framework/src/Illuminate/Pipeline/Pipeline.php:103
[26-Feb-2017 19:06:04 Asia/Tokyo] PHP  33. Illuminate\Pipeline\Pipeline->Illuminate\Pipeline\{closure}() /home/ubuntu/workspace/kadai-microposts/vendor/laravel/framework/src/Illuminate/Pipeline/Pipeline.php:103
[26-Feb-2017 19:06:04 Asia/Tokyo] PHP  34. call_user_func_array:{/home/ubuntu/workspace/kadai-microposts/vendor/laravel/framework/src/Illuminate/Pipeline/Pipeline.php:124}() /home/ubuntu/workspace/kadai-microposts/vendor/laravel/framework/src/Illuminate/Pipeline/Pipeline.php:124
[26-Feb-2017 19:06:04 Asia/Tokyo] PHP  35. App\Http\Middleware\Authenticate->handle() /home/ubuntu/workspace/kadai-microposts/vendor/laravel/framework/src/Illuminate/Pipeline/Pipeline.php:124
[26-Feb-2017 19:06:04 Asia/Tokyo] PHP  36. Illuminate\Auth\Guard->guest() /home/ubuntu/workspace/kadai-microposts/app/Http/Middleware/Authenticate.php:37
[26-Feb-2017 19:06:04 Asia/Tokyo] PHP  37. Illuminate\Auth\Guard->check() /home/ubuntu/workspace/kadai-microposts/vendor/laravel/framework/src/Illuminate/Auth/Guard.php:122
[26-Feb-2017 19:06:04 Asia/Tokyo] PHP  38. Illuminate\Auth\Guard->user() /home/ubuntu/workspace/kadai-microposts/vendor/laravel/framework/src/Illuminate/Auth/Guard.php:112
[26-Feb-2017 19:06:04 Asia/Tokyo] PHP  39. Illuminate\Auth\EloquentUserProvider->retrieveById() /home/ubuntu/workspace/kadai-microposts/vendor/laravel/framework/src/Illuminate/Auth/Guard.php:151
[26-Feb-2017 19:06:04 Asia/Tokyo] PHP  40. Illuminate\Auth\EloquentUserProvider->createModel() /home/ubuntu/workspace/kadai-microposts/vendor/laravel/framework/src/Illuminate/Auth/EloquentUserProvider.php:47
[26-Feb-2017 19:06:04 Asia/Tokyo] PHP  41. spl_autoload_call() /home/ubuntu/workspace/kadai-microposts/vendor/laravel/framework/src/Illuminate/Auth/EloquentUserProvider.php:126
[26-Feb-2017 19:06:04 Asia/Tokyo] PHP  42. Composer\Autoload\ClassLoader->loadClass() /home/ubuntu/workspace/kadai-microposts/vendor/laravel/framework/src/Illuminate/Auth/EloquentUserProvider.php:126
[26-Feb-2017 19:06:04 Asia/Tokyo] PHP  43. Composer\Autoload\includeFile() /home/ubuntu/workspace/kadai-microposts/vendor/composer/ClassLoader.php:301
[26-Feb-2017 19:07:15 Asia/Tokyo] PHP Parse error:  syntax error, unexpected '->' (T_OBJECT_OPERATOR) in /home/ubuntu/workspace/kadai-microposts/app/User.php on line 144
[26-Feb-2017 19:07:15 Asia/Tokyo] PHP Stack trace:
[26-Feb-2017 19:07:15 Asia/Tokyo] PHP   1. {main}() /home/ubuntu/workspace/kadai-microposts/server.php:0
[26-Feb-2017 19:07:15 Asia/Tokyo] PHP   2. require_once() /home/ubuntu/workspace/kadai-microposts/server.php:21
[26-Feb-2017 19:07:15 Asia/Tokyo] PHP   3. Illuminate\Foundation\Http\Kernel->handle() /home/ubuntu/workspace/kadai-microposts/public/index.php:54
[26-Feb-2017 19:07:15 Asia/Tokyo] PHP   4. Illuminate\Foundation\Http\Kernel->sendRequestThroughRouter() /home/ubuntu/workspace/kadai-microposts/vendor/laravel/framework/src/Illuminate/Foundation/Http/Kernel.php:87
[26-Feb-2017 19:07:15 Asia/Tokyo] PHP   5. Illuminate\Pipeline\Pipeline->then() /home/ubuntu/workspace/kadai-microposts/vendor/laravel/framework/src/Illuminate/Foundation/Http/Kernel.php:122
[26-Feb-2017 19:07:15 Asia/Tokyo] PHP   6. call_user_func:{/home/ubuntu/workspace/kadai-microposts/vendor/laravel/framework/src/Illuminate/Pipeline/Pipeline.php:103}() /home/ubuntu/workspace/kadai-microposts/vendor/laravel/framework/src/Illuminate/Pipeline/Pipeline.php:103
[26-Feb-2017 19:07:15 Asia/Tokyo] PHP   7. Illuminate\Pipeline\Pipeline->Illuminate\Pipeline\{closure}() /home/ubuntu/workspace/kadai-microposts/vendor/laravel/framework/src/Illuminate/Pipeline/Pipeline.php:103
[26-Feb-2017 19:07:15 Asia/Tokyo] PHP   8. call_user_func_array:{/home/ubuntu/workspace/kadai-microposts/vendor/laravel/framework/src/Illuminate/Pipeline/Pipeline.php:124}() /home/ubuntu/workspace/kadai-microposts/vendor/laravel/framework/src/Illuminate/Pipeline/Pipeline.php:124
[26-Feb-2017 19:07:15 Asia/Tokyo] PHP   9. Illuminate\Foundation\Http\Middleware\CheckForMaintenanceMode->handle() /home/ubuntu/workspace/kadai-microposts/vendor/laravel/framework/src/Illuminate/Pipeline/Pipeline.php:124
[26-Feb-2017 19:07:15 Asia/Tokyo] PHP  10. Illuminate\Pipeline\Pipeline->Illuminate\Pipeline\{closure}() /home/ubuntu/workspace/kadai-microposts/vendor/laravel/framework/src/Illuminate/Foundation/Http/Middleware/CheckForMaintenanceMode.php:44
[26-Feb-2017 19:07:15 Asia/Tokyo] PHP  11. call_user_func_array:{/home/ubuntu/workspace/kadai-microposts/vendor/laravel/framework/src/Illuminate/Pipeline/Pipeline.php:124}() /home/ubuntu/workspace/kadai-microposts/vendor/laravel/framework/src/Illuminate/Pipeline/Pipeline.php:124
[26-Feb-2017 19:07:15 Asia/Tokyo] PHP  12. Illuminate\Cookie\Middleware\EncryptCookies->handle() /home/ubuntu/workspace/kadai-microposts/vendor/laravel/framework/src/Illuminate/Pipeline/Pipeline.php:124
[26-Feb-2017 19:07:15 Asia/Tokyo] PHP  13. Illuminate\Pipeline\Pipeline->Illuminate\Pipeline\{closure}() /home/ubuntu/workspace/kadai-microposts/vendor/laravel/framework/src/Illuminate/Cookie/Middleware/EncryptCookies.php:59
[26-Feb-2017 19:07:15 Asia/Tokyo] PHP  14. call_user_func_array:{/home/ubuntu/workspace/kadai-microposts/vendor/laravel/framework/src/Illuminate/Pipeline/Pipeline.php:124}() /home/ubuntu/workspace/kadai-microposts/vendor/laravel/framework/src/Illuminate/Pipeline/Pipeline.php:124
[26-Feb-2017 19:07:15 Asia/Tokyo] PHP  15. Illuminate\Cookie\Middleware\AddQueuedCookiesToResponse->handle() /home/ubuntu/workspace/kadai-microposts/vendor/laravel/framework/src/Illuminate/Pipeline/Pipeline.php:124
[26-Feb-2017 19:07:15 Asia/Tokyo] PHP  16. Illuminate\Pipeline\Pipeline->Illuminate\Pipeline\{closure}() /home/ubuntu/workspace/kadai-microposts/vendor/laravel/framework/src/Illuminate/Cookie/Middleware/AddQueuedCookiesToResponse.php:37
[26-Feb-2017 19:07:15 Asia/Tokyo] PHP  17. call_user_func_array:{/home/ubuntu/workspace/kadai-microposts/vendor/laravel/framework/src/Illuminate/Pipeline/Pipeline.php:124}() /home/ubuntu/workspace/kadai-microposts/vendor/laravel/framework/src/Illuminate/Pipeline/Pipeline.php:124
[26-Feb-2017 19:07:15 Asia/Tokyo] PHP  18. Illuminate\Session\Middleware\StartSession->handle() /home/ubuntu/workspace/kadai-microposts/vendor/laravel/framework/src/Illuminate/Pipeline/Pipeline.php:124
[26-Feb-2017 19:07:15 Asia/Tokyo] PHP  19. Illuminate\Pipeline\Pipeline->Illuminate\Pipeline\{closure}() /home/ubuntu/workspace/kadai-microposts/vendor/laravel/framework/src/Illuminate/Session/Middleware/StartSession.php:62
[26-Feb-2017 19:07:15 Asia/Tokyo] PHP  20. call_user_func_array:{/home/ubuntu/workspace/kadai-microposts/vendor/laravel/framework/src/Illuminate/Pipeline/Pipeline.php:124}() /home/ubuntu/workspace/kadai-microposts/vendor/laravel/framework/src/Illuminate/Pipeline/Pipeline.php:124
[26-Feb-2017 19:07:15 Asia/Tokyo] PHP  21. Illuminate\View\Middleware\ShareErrorsFromSession->handle() /home/ubuntu/workspace/kadai-microposts/vendor/laravel/framework/src/Illuminate/Pipeline/Pipeline.php:124
[26-Feb-2017 19:07:15 Asia/Tokyo] PHP  22. Illuminate\Pipeline\Pipeline->Illuminate\Pipeline\{closure}() /home/ubuntu/workspace/kadai-microposts/vendor/laravel/framework/src/Illuminate/View/Middleware/ShareErrorsFromSession.php:49
[26-Feb-2017 19:07:15 Asia/Tokyo] PHP  23. call_user_func_array:{/home/ubuntu/workspace/kadai-microposts/vendor/laravel/framework/src/Illuminate/Pipeline/Pipeline.php:124}() /home/ubuntu/workspace/kadai-microposts/vendor/laravel/framework/src/Illuminate/Pipeline/Pipeline.php:124
[26-Feb-2017 19:07:15 Asia/Tokyo] PHP  24. Illuminate\Foundation\Http\Middleware\VerifyCsrfToken->handle() /home/ubuntu/workspace/kadai-microposts/vendor/laravel/framework/src/Illuminate/Pipeline/Pipeline.php:124
[26-Feb-2017 19:07:15 Asia/Tokyo] PHP  25. Illuminate\Pipeline\Pipeline->Illuminate\Pipeline\{closure}() /home/ubuntu/workspace/kadai-microposts/vendor/laravel/framework/src/Illuminate/Foundation/Http/Middleware/VerifyCsrfToken.php:50
[26-Feb-2017 19:07:15 Asia/Tokyo] PHP  26. call_user_func:{/home/ubuntu/workspace/kadai-microposts/vendor/laravel/framework/src/Illuminate/Pipeline/Pipeline.php:139}() /home/ubuntu/workspace/kadai-microposts/vendor/laravel/framework/src/Illuminate/Pipeline/Pipeline.php:139
[26-Feb-2017 19:07:15 Asia/Tokyo] PHP  27. Illuminate\Foundation\Http\Kernel->Illuminate\Foundation\Http\{closure}() /home/ubuntu/workspace/kadai-microposts/vendor/laravel/framework/src/Illuminate/Pipeline/Pipeline.php:139
[26-Feb-2017 19:07:15 Asia/Tokyo] PHP  28. Illuminate\Routing\Router->dispatch() /home/ubuntu/workspace/kadai-microposts/vendor/laravel/framework/src/Illuminate/Foundation/Http/Kernel.php:236
[26-Feb-2017 19:07:15 Asia/Tokyo] PHP  29. Illuminate\Routing\Router->dispatchToRoute() /home/ubuntu/workspace/kadai-microposts/vendor/laravel/framework/src/Illuminate/Routing/Router.php:635
[26-Feb-2017 19:07:15 Asia/Tokyo] PHP  30. Illuminate\Routing\Router->runRouteWithinStack() /home/ubuntu/workspace/kadai-microposts/vendor/laravel/framework/src/Illuminate/Routing/Router.php:675
[26-Feb-2017 19:07:15 Asia/Tokyo] PHP  31. Illuminate\Pipeline\Pipeline->then() /home/ubuntu/workspace/kadai-microposts/vendor/laravel/framework/src/Illuminate/Routing/Router.php:710
[26-Feb-2017 19:07:15 Asia/Tokyo] PHP  32. call_user_func:{/home/ubuntu/workspace/kadai-microposts/vendor/laravel/framework/src/Illuminate/Pipeline/Pipeline.php:103}() /home/ubuntu/workspace/kadai-microposts/vendor/laravel/framework/src/Illuminate/Pipeline/Pipeline.php:103
[26-Feb-2017 19:07:15 Asia/Tokyo] PHP  33. Illuminate\Pipeline\Pipeline->Illuminate\Pipeline\{closure}() /home/ubuntu/workspace/kadai-microposts/vendor/laravel/framework/src/Illuminate/Pipeline/Pipeline.php:103
[26-Feb-2017 19:07:15 Asia/Tokyo] PHP  34. call_user_func_array:{/home/ubuntu/workspace/kadai-microposts/vendor/laravel/framework/src/Illuminate/Pipeline/Pipeline.php:124}() /home/ubuntu/workspace/kadai-microposts/vendor/laravel/framework/src/Illuminate/Pipeline/Pipeline.php:124
[26-Feb-2017 19:07:15 Asia/Tokyo] PHP  35. App\Http\Middleware\Authenticate->handle() /home/ubuntu/workspace/kadai-microposts/vendor/laravel/framework/src/Illuminate/Pipeline/Pipeline.php:124
[26-Feb-2017 19:07:15 Asia/Tokyo] PHP  36. Illuminate\Auth\Guard->guest() /home/ubuntu/workspace/kadai-microposts/app/Http/Middleware/Authenticate.php:37
[26-Feb-2017 19:07:15 Asia/Tokyo] PHP  37. Illuminate\Auth\Guard->check() /home/ubuntu/workspace/kadai-microposts/vendor/laravel/framework/src/Illuminate/Auth/Guard.php:122
[26-Feb-2017 19:07:15 Asia/Tokyo] PHP  38. Illuminate\Auth\Guard->user() /home/ubuntu/workspace/kadai-microposts/vendor/laravel/framework/src/Illuminate/Auth/Guard.php:112
[26-Feb-2017 19:07:15 Asia/Tokyo] PHP  39. Illuminate\Auth\EloquentUserProvider->retrieveById() /home/ubuntu/workspace/kadai-microposts/vendor/laravel/framework/src/Illuminate/Auth/Guard.php:151
[26-Feb-2017 19:07:15 Asia/Tokyo] PHP  40. Illuminate\Auth\EloquentUserProvider->createModel() /home/ubuntu/workspace/kadai-microposts/vendor/laravel/framework/src/Illuminate/Auth/EloquentUserProvider.php:47
[26-Feb-2017 19:07:15 Asia/Tokyo] PHP  41. spl_autoload_call() /home/ubuntu/workspace/kadai-microposts/vendor/laravel/framework/src/Illuminate/Auth/EloquentUserProvider.php:126
[26-Feb-2017 19:07:15 Asia/Tokyo] PHP  42. Composer\Autoload\ClassLoader->loadClass() /home/ubuntu/workspace/kadai-microposts/vendor/laravel/framework/src/Illuminate/Auth/EloquentUserProvider.php:126
[26-Feb-2017 19:07:15 Asia/Tokyo] PHP  43. Composer\Autoload\includeFile() /home/ubuntu/workspace/kadai-microposts/vendor/composer/ClassLoader.php:301
[26-Feb-2017 21:06:14 Asia/Tokyo] PHP Parse error:  syntax error, unexpected '\' (T_NS_SEPARATOR), expecting identifier (T_STRING) or variable (T_VARIABLE) or '{' or '$' in /home/ubuntu/workspace/kadai-microposts/storage/framework/views/e405ce1f37eb83ed8671a2ee4a4eec59 on line 16
[26-Feb-2017 21:06:14 Asia/Tokyo] PHP Stack trace:
[26-Feb-2017 21:06:14 Asia/Tokyo] PHP   1. {main}() /home/ubuntu/workspace/kadai-microposts/server.php:0
[26-Feb-2017 21:06:14 Asia/Tokyo] PHP   2. require_once() /home/ubuntu/workspace/kadai-microposts/server.php:21
[26-Feb-2017 21:06:14 Asia/Tokyo] PHP   3. Illuminate\Foundation\Http\Kernel->handle() /home/ubuntu/workspace/kadai-microposts/public/index.php:54
[26-Feb-2017 21:06:14 Asia/Tokyo] PHP   4. Illuminate\Foundation\Http\Kernel->sendRequestThroughRouter() /home/ubuntu/workspace/kadai-microposts/vendor/laravel/framework/src/Illuminate/Foundation/Http/Kernel.php:87
[26-Feb-2017 21:06:14 Asia/Tokyo] PHP   5. Illuminate\Pipeline\Pipeline->then() /home/ubuntu/workspace/kadai-microposts/vendor/laravel/framework/src/Illuminate/Foundation/Http/Kernel.php:122
[26-Feb-2017 21:06:14 Asia/Tokyo] PHP   6. call_user_func:{/home/ubuntu/workspace/kadai-microposts/vendor/laravel/framework/src/Illuminate/Pipeline/Pipeline.php:103}() /home/ubuntu/workspace/kadai-microposts/vendor/laravel/framework/src/Illuminate/Pipeline/Pipeline.php:103
[26-Feb-2017 21:06:14 Asia/Tokyo] PHP   7. Illuminate\Pipeline\Pipeline->Illuminate\Pipeline\{closure}() /home/ubuntu/workspace/kadai-microposts/vendor/laravel/framework/src/Illuminate/Pipeline/Pipeline.php:103
[26-Feb-2017 21:06:14 Asia/Tokyo] PHP   8. call_user_func_array:{/home/ubuntu/workspace/kadai-microposts/vendor/laravel/framework/src/Illuminate/Pipeline/Pipeline.php:124}() /home/ubuntu/workspace/kadai-microposts/vendor/laravel/framework/src/Illuminate/Pipeline/Pipeline.php:124
[26-Feb-2017 21:06:14 Asia/Tokyo] PHP   9. Illuminate\Foundation\Http\Middleware\CheckForMaintenanceMode->handle() /home/ubuntu/workspace/kadai-microposts/vendor/laravel/framework/src/Illuminate/Pipeline/Pipeline.php:124
[26-Feb-2017 21:06:14 Asia/Tokyo] PHP  10. Illuminate\Pipeline\Pipeline->Illuminate\Pipeline\{closure}() /home/ubuntu/workspace/kadai-microposts/vendor/laravel/framework/src/Illuminate/Foundation/Http/Middleware/CheckForMaintenanceMode.php:44
[26-Feb-2017 21:06:14 Asia/Tokyo] PHP  11. call_user_func_array:{/home/ubuntu/workspace/kadai-microposts/vendor/laravel/framework/src/Illuminate/Pipeline/Pipeline.php:124}() /home/ubuntu/workspace/kadai-microposts/vendor/laravel/framework/src/Illuminate/Pipeline/Pipeline.php:124
[26-Feb-2017 21:06:14 Asia/Tokyo] PHP  12. Illuminate\Cookie\Middleware\EncryptCookies->handle() /home/ubuntu/workspace/kadai-microposts/vendor/laravel/framework/src/Illuminate/Pipeline/Pipeline.php:124
[26-Feb-2017 21:06:14 Asia/Tokyo] PHP  13. Illuminate\Pipeline\Pipeline->Illuminate\Pipeline\{closure}() /home/ubuntu/workspace/kadai-microposts/vendor/laravel/framework/src/Illuminate/Cookie/Middleware/EncryptCookies.php:59
[26-Feb-2017 21:06:14 Asia/Tokyo] PHP  14. call_user_func_array:{/home/ubuntu/workspace/kadai-microposts/vendor/laravel/framework/src/Illuminate/Pipeline/Pipeline.php:124}() /home/ubuntu/workspace/kadai-microposts/vendor/laravel/framework/src/Illuminate/Pipeline/Pipeline.php:124
[26-Feb-2017 21:06:14 Asia/Tokyo] PHP  15. Illuminate\Cookie\Middleware\AddQueuedCookiesToResponse->handle() /home/ubuntu/workspace/kadai-microposts/vendor/laravel/framework/src/Illuminate/Pipeline/Pipeline.php:124
[26-Feb-2017 21:06:14 Asia/Tokyo] PHP  16. Illuminate\Pipeline\Pipeline->Illuminate\Pipeline\{closure}() /home/ubuntu/workspace/kadai-microposts/vendor/laravel/framework/src/Illuminate/Cookie/Middleware/AddQueuedCookiesToResponse.php:37
[26-Feb-2017 21:06:14 Asia/Tokyo] PHP  17. call_user_func_array:{/home/ubuntu/workspace/kadai-microposts/vendor/laravel/framework/src/Illuminate/Pipeline/Pipeline.php:124}() /home/ubuntu/workspace/kadai-microposts/vendor/laravel/framework/src/Illuminate/Pipeline/Pipeline.php:124
[26-Feb-2017 21:06:14 Asia/Tokyo] PHP  18. Illuminate\Session\Middleware\StartSession->handle() /home/ubuntu/workspace/kadai-microposts/vendor/laravel/framework/src/Illuminate/Pipeline/Pipeline.php:124
[26-Feb-2017 21:06:14 Asia/Tokyo] PHP  19. Illuminate\Pipeline\Pipeline->Illuminate\Pipeline\{closure}() /home/ubuntu/workspace/kadai-microposts/vendor/laravel/framework/src/Illuminate/Session/Middleware/StartSession.php:62
[26-Feb-2017 21:06:14 Asia/Tokyo] PHP  20. call_user_func_array:{/home/ubuntu/workspace/kadai-microposts/vendor/laravel/framework/src/Illuminate/Pipeline/Pipeline.php:124}() /home/ubuntu/workspace/kadai-microposts/vendor/laravel/framework/src/Illuminate/Pipeline/Pipeline.php:124
[26-Feb-2017 21:06:14 Asia/Tokyo] PHP  21. Illuminate\View\Middleware\ShareErrorsFromSession->handle() /home/ubuntu/workspace/kadai-microposts/vendor/laravel/framework/src/Illuminate/Pipeline/Pipeline.php:124
[26-Feb-2017 21:06:14 Asia/Tokyo] PHP  22. Illuminate\Pipeline\Pipeline->Illuminate\Pipeline\{closure}() /home/ubuntu/workspace/kadai-microposts/vendor/laravel/framework/src/Illuminate/View/Middleware/ShareErrorsFromSession.php:49
[26-Feb-2017 21:06:14 Asia/Tokyo] PHP  23. call_user_func_array:{/home/ubuntu/workspace/kadai-microposts/vendor/laravel/framework/src/Illuminate/Pipeline/Pipeline.php:124}() /home/ubuntu/workspace/kadai-microposts/vendor/laravel/framework/src/Illuminate/Pipeline/Pipeline.php:124
[26-Feb-2017 21:06:14 Asia/Tokyo] PHP  24. Illuminate\Foundation\Http\Middleware\VerifyCsrfToken->handle() /home/ubuntu/workspace/kadai-microposts/vendor/laravel/framework/src/Illuminate/Pipeline/Pipeline.php:124
[26-Feb-2017 21:06:14 Asia/Tokyo] PHP  25. Illuminate\Pipeline\Pipeline->Illuminate\Pipeline\{closure}() /home/ubuntu/workspace/kadai-microposts/vendor/laravel/framework/src/Illuminate/Foundation/Http/Middleware/VerifyCsrfToken.php:50
[26-Feb-2017 21:06:14 Asia/Tokyo] PHP  26. call_user_func:{/home/ubuntu/workspace/kadai-microposts/vendor/laravel/framework/src/Illuminate/Pipeline/Pipeline.php:139}() /home/ubuntu/workspace/kadai-microposts/vendor/laravel/framework/src/Illuminate/Pipeline/Pipeline.php:139
[26-Feb-2017 21:06:14 Asia/Tokyo] PHP  27. Illuminate\Foundation\Http\Kernel->Illuminate\Foundation\Http\{closure}() /home/ubuntu/workspace/kadai-microposts/vendor/laravel/framework/src/Illuminate/Pipeline/Pipeline.php:139
[26-Feb-2017 21:06:14 Asia/Tokyo] PHP  28. Illuminate\Routing\Router->dispatch() /home/ubuntu/workspace/kadai-microposts/vendor/laravel/framework/src/Illuminate/Foundation/Http/Kernel.php:236
[26-Feb-2017 21:06:14 Asia/Tokyo] PHP  29. Illuminate\Routing\Router->dispatchToRoute() /home/ubuntu/workspace/kadai-microposts/vendor/laravel/framework/src/Illuminate/Routing/Router.php:635
[26-Feb-2017 21:06:14 Asia/Tokyo] PHP  30. Illuminate\Routing\Router->runRouteWithinStack() /home/ubuntu/workspace/kadai-microposts/vendor/laravel/framework/src/Illuminate/Routing/Router.php:675
[26-Feb-2017 21:06:14 Asia/Tokyo] PHP  31. Illuminate\Pipeline\Pipeline->then() /home/ubuntu/workspace/kadai-microposts/vendor/laravel/framework/src/Illuminate/Routing/Router.php:710
[26-Feb-2017 21:06:14 Asia/Tokyo] PHP  32. call_user_func:{/home/ubuntu/workspace/kadai-microposts/vendor/laravel/framework/src/Illuminate/Pipeline/Pipeline.php:103}() /home/ubuntu/workspace/kadai-microposts/vendor/laravel/framework/src/Illuminate/Pipeline/Pipeline.php:103
[26-Feb-2017 21:06:14 Asia/Tokyo] PHP  33. Illuminate\Pipeline\Pipeline->Illuminate\Pipeline\{closure}() /home/ubuntu/workspace/kadai-microposts/vendor/laravel/framework/src/Illuminate/Pipeline/Pipeline.php:103
[26-Feb-2017 21:06:14 Asia/Tokyo] PHP  34. call_user_func:{/home/ubuntu/workspace/kadai-microposts/vendor/laravel/framework/src/Illuminate/Pipeline/Pipeline.php:139}() /home/ubuntu/workspace/kadai-microposts/vendor/laravel/framework/src/Illuminate/Pipeline/Pipeline.php:139
[26-Feb-2017 21:06:14 Asia/Tokyo] PHP  35. Illuminate\Routing\Router->Illuminate\Routing\{closure}() /home/ubuntu/workspace/kadai-microposts/vendor/laravel/framework/src/Illuminate/Pipeline/Pipeline.php:139
[26-Feb-2017 21:06:14 Asia/Tokyo] PHP  36. Illuminate\Routing\Route->run() /home/ubuntu/workspace/kadai-microposts/vendor/laravel/framework/src/Illuminate/Routing/Router.php:708
[26-Feb-2017 21:06:14 Asia/Tokyo] PHP  37. Illuminate\Routing\Route->runWithCustomDispatcher() /home/ubuntu/workspace/kadai-microposts/vendor/laravel/framework/src/Illuminate/Routing/Route.php:134
[26-Feb-2017 21:06:14 Asia/Tokyo] PHP  38. Illuminate\Routing\ControllerDispatcher->dispatch() /home/ubuntu/workspace/kadai-microposts/vendor/laravel/framework/src/Illuminate/Routing/Route.php:203
[26-Feb-2017 21:06:14 Asia/Tokyo] PHP  39. Illuminate\Routing\ControllerDispatcher->callWithinStack() /home/ubuntu/workspace/kadai-microposts/vendor/laravel/framework/src/Illuminate/Routing/ControllerDispatcher.php:69
[26-Feb-2017 21:06:14 Asia/Tokyo] PHP  40. Illuminate\Pipeline\Pipeline->then() /home/ubuntu/workspace/kadai-microposts/vendor/laravel/framework/src/Illuminate/Routing/ControllerDispatcher.php:114
[26-Feb-2017 21:06:14 Asia/Tokyo] PHP  41. call_user_func:{/home/ubuntu/workspace/kadai-microposts/vendor/laravel/framework/src/Illuminate/Pipeline/Pipeline.php:103}() /home/ubuntu/workspace/kadai-microposts/vendor/laravel/framework/src/Illuminate/Pipeline/Pipeline.php:103
[26-Feb-2017 21:06:14 Asia/Tokyo] PHP  42. Illuminate\Pipeline\Pipeline->Illuminate\Pipeline\{closure}() /home/ubuntu/workspace/kadai-microposts/vendor/laravel/framework/src/Illuminate/Pipeline/Pipeline.php:103
[26-Feb-2017 21:06:14 Asia/Tokyo] PHP  43. call_user_func:{/home/ubuntu/workspace/kadai-microposts/vendor/laravel/framework/src/Illuminate/Pipeline/Pipeline.php:139}() /home/ubuntu/workspace/kadai-microposts/vendor/laravel/framework/src/Illuminate/Pipeline/Pipeline.php:139
[26-Feb-2017 21:06:14 Asia/Tokyo] PHP  44. Illuminate\Routing\ControllerDispatcher->Illuminate\Routing\{closure}() /home/ubuntu/workspace/kadai-microposts/vendor/laravel/framework/src/Illuminate/Pipeline/Pipeline.php:139
[26-Feb-2017 21:06:14 Asia/Tokyo] PHP  45. Illuminate\Routing\Router->prepareResponse() /home/ubuntu/workspace/kadai-microposts/vendor/laravel/framework/src/Illuminate/Routing/ControllerDispatcher.php:113
[26-Feb-2017 21:06:14 Asia/Tokyo] PHP  46. Symfony\Component\HttpFoundation\Response->__construct() /home/ubuntu/workspace/kadai-microposts/vendor/laravel/framework/src/Illuminate/Routing/Router.php:1229
[26-Feb-2017 21:06:14 Asia/Tokyo] PHP  47. Illuminate\Http\Response->setContent() /home/ubuntu/workspace/kadai-microposts/vendor/symfony/http-foundation/Response.php:202
[26-Feb-2017 21:06:14 Asia/Tokyo] PHP  48. Illuminate\View\View->render() /home/ubuntu/workspace/kadai-microposts/vendor/laravel/framework/src/Illuminate/Http/Response.php:51
[26-Feb-2017 21:06:14 Asia/Tokyo] PHP  49. Illuminate\View\View->renderContents() /home/ubuntu/workspace/kadai-microposts/vendor/laravel/framework/src/Illuminate/View/View.php:83
[26-Feb-2017 21:06:14 Asia/Tokyo] PHP  50. Illuminate\View\View->getContents() /home/ubuntu/workspace/kadai-microposts/vendor/laravel/framework/src/Illuminate/View/View.php:118
[26-Feb-2017 21:06:14 Asia/Tokyo] PHP  51. Illuminate\View\Engines\CompilerEngine->get() /home/ubuntu/workspace/kadai-microposts/vendor/laravel/framework/src/Illuminate/View/View.php:147
[26-Feb-2017 21:06:14 Asia/Tokyo] PHP  52. Illuminate\View\Engines\PhpEngine->evaluatePath() /home/ubuntu/workspace/kadai-microposts/vendor/laravel/framework/src/Illuminate/View/Engines/CompilerEngine.php:58
[26-Feb-2017 21:06:14 Asia/Tokyo] PHP  53. include() /home/ubuntu/workspace/kadai-microposts/vendor/laravel/framework/src/Illuminate/View/Engines/PhpEngine.php:42
[26-Feb-2017 21:06:14 Asia/Tokyo] PHP  54. Illuminate\View\View->render() /home/ubuntu/workspace/kadai-microposts/storage/framework/views/4ae73aa09e0c66163fc8447ab3820131:19
[26-Feb-2017 21:06:14 Asia/Tokyo] PHP  55. Illuminate\View\View->renderContents() /home/ubuntu/workspace/kadai-microposts/vendor/laravel/framework/src/Illuminate/View/View.php:83
[26-Feb-2017 21:06:14 Asia/Tokyo] PHP  56. Illuminate\View\View->getContents() /home/ubuntu/workspace/kadai-microposts/vendor/laravel/framework/src/Illuminate/View/View.php:118
[26-Feb-2017 21:06:14 Asia/Tokyo] PHP  57. Illuminate\View\Engines\CompilerEngine->get() /home/ubuntu/workspace/kadai-microposts/vendor/laravel/framework/src/Illuminate/View/View.php:147
[26-Feb-2017 21:06:14 Asia/Tokyo] PHP  58. Illuminate\View\Engines\PhpEngine->evaluatePath() /home/ubuntu/workspace/kadai-microposts/vendor/laravel/framework/src/Illuminate/View/Engines/CompilerEngine.php:58
[26-Feb-2017 21:06:31 Asia/Tokyo] PHP Parse error:  syntax error, unexpected '\' (T_NS_SEPARATOR) in /home/ubuntu/workspace/kadai-microposts/storage/framework/views/e405ce1f37eb83ed8671a2ee4a4eec59 on line 16
[26-Feb-2017 21:06:31 Asia/Tokyo] PHP Stack trace:
[26-Feb-2017 21:06:31 Asia/Tokyo] PHP   1. {main}() /home/ubuntu/workspace/kadai-microposts/server.php:0
[26-Feb-2017 21:06:31 Asia/Tokyo] PHP   2. require_once() /home/ubuntu/workspace/kadai-microposts/server.php:21
[26-Feb-2017 21:06:31 Asia/Tokyo] PHP   3. Illuminate\Foundation\Http\Kernel->handle() /home/ubuntu/workspace/kadai-microposts/public/index.php:54
[26-Feb-2017 21:06:31 Asia/Tokyo] PHP   4. Illuminate\Foundation\Http\Kernel->sendRequestThroughRouter() /home/ubuntu/workspace/kadai-microposts/vendor/laravel/framework/src/Illuminate/Foundation/Http/Kernel.php:87
[26-Feb-2017 21:06:31 Asia/Tokyo] PHP   5. Illuminate\Pipeline\Pipeline->then() /home/ubuntu/workspace/kadai-microposts/vendor/laravel/framework/src/Illuminate/Foundation/Http/Kernel.php:122
[26-Feb-2017 21:06:31 Asia/Tokyo] PHP   6. call_user_func:{/home/ubuntu/workspace/kadai-microposts/vendor/laravel/framework/src/Illuminate/Pipeline/Pipeline.php:103}() /home/ubuntu/workspace/kadai-microposts/vendor/laravel/framework/src/Illuminate/Pipeline/Pipeline.php:103
[26-Feb-2017 21:06:31 Asia/Tokyo] PHP   7. Illuminate\Pipeline\Pipeline->Illuminate\Pipeline\{closure}() /home/ubuntu/workspace/kadai-microposts/vendor/laravel/framework/src/Illuminate/Pipeline/Pipeline.php:103
[26-Feb-2017 21:06:31 Asia/Tokyo] PHP   8. call_user_func_array:{/home/ubuntu/workspace/kadai-microposts/vendor/laravel/framework/src/Illuminate/Pipeline/Pipeline.php:124}() /home/ubuntu/workspace/kadai-microposts/vendor/laravel/framework/src/Illuminate/Pipeline/Pipeline.php:124
[26-Feb-2017 21:06:31 Asia/Tokyo] PHP   9. Illuminate\Foundation\Http\Middleware\CheckForMaintenanceMode->handle() /home/ubuntu/workspace/kadai-microposts/vendor/laravel/framework/src/Illuminate/Pipeline/Pipeline.php:124
[26-Feb-2017 21:06:31 Asia/Tokyo] PHP  10. Illuminate\Pipeline\Pipeline->Illuminate\Pipeline\{closure}() /home/ubuntu/workspace/kadai-microposts/vendor/laravel/framework/src/Illuminate/Foundation/Http/Middleware/CheckForMaintenanceMode.php:44
[26-Feb-2017 21:06:31 Asia/Tokyo] PHP  11. call_user_func_array:{/home/ubuntu/workspace/kadai-microposts/vendor/laravel/framework/src/Illuminate/Pipeline/Pipeline.php:124}() /home/ubuntu/workspace/kadai-microposts/vendor/laravel/framework/src/Illuminate/Pipeline/Pipeline.php:124
[26-Feb-2017 21:06:31 Asia/Tokyo] PHP  12. Illuminate\Cookie\Middleware\EncryptCookies->handle() /home/ubuntu/workspace/kadai-microposts/vendor/laravel/framework/src/Illuminate/Pipeline/Pipeline.php:124
[26-Feb-2017 21:06:31 Asia/Tokyo] PHP  13. Illuminate\Pipeline\Pipeline->Illuminate\Pipeline\{closure}() /home/ubuntu/workspace/kadai-microposts/vendor/laravel/framework/src/Illuminate/Cookie/Middleware/EncryptCookies.php:59
[26-Feb-2017 21:06:31 Asia/Tokyo] PHP  14. call_user_func_array:{/home/ubuntu/workspace/kadai-microposts/vendor/laravel/framework/src/Illuminate/Pipeline/Pipeline.php:124}() /home/ubuntu/workspace/kadai-microposts/vendor/laravel/framework/src/Illuminate/Pipeline/Pipeline.php:124
[26-Feb-2017 21:06:31 Asia/Tokyo] PHP  15. Illuminate\Cookie\Middleware\AddQueuedCookiesToResponse->handle() /home/ubuntu/workspace/kadai-microposts/vendor/laravel/framework/src/Illuminate/Pipeline/Pipeline.php:124
[26-Feb-2017 21:06:31 Asia/Tokyo] PHP  16. Illuminate\Pipeline\Pipeline->Illuminate\Pipeline\{closure}() /home/ubuntu/workspace/kadai-microposts/vendor/laravel/framework/src/Illuminate/Cookie/Middleware/AddQueuedCookiesToResponse.php:37
[26-Feb-2017 21:06:31 Asia/Tokyo] PHP  17. call_user_func_array:{/home/ubuntu/workspace/kadai-microposts/vendor/laravel/framework/src/Illuminate/Pipeline/Pipeline.php:124}() /home/ubuntu/workspace/kadai-microposts/vendor/laravel/framework/src/Illuminate/Pipeline/Pipeline.php:124
[26-Feb-2017 21:06:31 Asia/Tokyo] PHP  18. Illuminate\Session\Middleware\StartSession->handle() /home/ubuntu/workspace/kadai-microposts/vendor/laravel/framework/src/Illuminate/Pipeline/Pipeline.php:124
[26-Feb-2017 21:06:31 Asia/Tokyo] PHP  19. Illuminate\Pipeline\Pipeline->Illuminate\Pipeline\{closure}() /home/ubuntu/workspace/kadai-microposts/vendor/laravel/framework/src/Illuminate/Session/Middleware/StartSession.php:62
[26-Feb-2017 21:06:31 Asia/Tokyo] PHP  20. call_user_func_array:{/home/ubuntu/workspace/kadai-microposts/vendor/laravel/framework/src/Illuminate/Pipeline/Pipeline.php:124}() /home/ubuntu/workspace/kadai-microposts/vendor/laravel/framework/src/Illuminate/Pipeline/Pipeline.php:124
[26-Feb-2017 21:06:31 Asia/Tokyo] PHP  21. Illuminate\View\Middleware\ShareErrorsFromSession->handle() /home/ubuntu/workspace/kadai-microposts/vendor/laravel/framework/src/Illuminate/Pipeline/Pipeline.php:124
[26-Feb-2017 21:06:31 Asia/Tokyo] PHP  22. Illuminate\Pipeline\Pipeline->Illuminate\Pipeline\{closure}() /home/ubuntu/workspace/kadai-microposts/vendor/laravel/framework/src/Illuminate/View/Middleware/ShareErrorsFromSession.php:49
[26-Feb-2017 21:06:31 Asia/Tokyo] PHP  23. call_user_func_array:{/home/ubuntu/workspace/kadai-microposts/vendor/laravel/framework/src/Illuminate/Pipeline/Pipeline.php:124}() /home/ubuntu/workspace/kadai-microposts/vendor/laravel/framework/src/Illuminate/Pipeline/Pipeline.php:124
[26-Feb-2017 21:06:31 Asia/Tokyo] PHP  24. Illuminate\Foundation\Http\Middleware\VerifyCsrfToken->handle() /home/ubuntu/workspace/kadai-microposts/vendor/laravel/framework/src/Illuminate/Pipeline/Pipeline.php:124
[26-Feb-2017 21:06:31 Asia/Tokyo] PHP  25. Illuminate\Pipeline\Pipeline->Illuminate\Pipeline\{closure}() /home/ubuntu/workspace/kadai-microposts/vendor/laravel/framework/src/Illuminate/Foundation/Http/Middleware/VerifyCsrfToken.php:50
[26-Feb-2017 21:06:31 Asia/Tokyo] PHP  26. call_user_func:{/home/ubuntu/workspace/kadai-microposts/vendor/laravel/framework/src/Illuminate/Pipeline/Pipeline.php:139}() /home/ubuntu/workspace/kadai-microposts/vendor/laravel/framework/src/Illuminate/Pipeline/Pipeline.php:139
[26-Feb-2017 21:06:31 Asia/Tokyo] PHP  27. Illuminate\Foundation\Http\Kernel->Illuminate\Foundation\Http\{closure}() /home/ubuntu/workspace/kadai-microposts/vendor/laravel/framework/src/Illuminate/Pipeline/Pipeline.php:139
[26-Feb-2017 21:06:31 Asia/Tokyo] PHP  28. Illuminate\Routing\Router->dispatch() /home/ubuntu/workspace/kadai-microposts/vendor/laravel/framework/src/Illuminate/Foundation/Http/Kernel.php:236
[26-Feb-2017 21:06:31 Asia/Tokyo] PHP  29. Illuminate\Routing\Router->dispatchToRoute() /home/ubuntu/workspace/kadai-microposts/vendor/laravel/framework/src/Illuminate/Routing/Router.php:635
[26-Feb-2017 21:06:31 Asia/Tokyo] PHP  30. Illuminate\Routing\Router->runRouteWithinStack() /home/ubuntu/workspace/kadai-microposts/vendor/laravel/framework/src/Illuminate/Routing/Router.php:675
[26-Feb-2017 21:06:31 Asia/Tokyo] PHP  31. Illuminate\Pipeline\Pipeline->then() /home/ubuntu/workspace/kadai-microposts/vendor/laravel/framework/src/Illuminate/Routing/Router.php:710
[26-Feb-2017 21:06:31 Asia/Tokyo] PHP  32. call_user_func:{/home/ubuntu/workspace/kadai-microposts/vendor/laravel/framework/src/Illuminate/Pipeline/Pipeline.php:103}() /home/ubuntu/workspace/kadai-microposts/vendor/laravel/framework/src/Illuminate/Pipeline/Pipeline.php:103
[26-Feb-2017 21:06:31 Asia/Tokyo] PHP  33. Illuminate\Pipeline\Pipeline->Illuminate\Pipeline\{closure}() /home/ubuntu/workspace/kadai-microposts/vendor/laravel/framework/src/Illuminate/Pipeline/Pipeline.php:103
[26-Feb-2017 21:06:31 Asia/Tokyo] PHP  34. call_user_func:{/home/ubuntu/workspace/kadai-microposts/vendor/laravel/framework/src/Illuminate/Pipeline/Pipeline.php:139}() /home/ubuntu/workspace/kadai-microposts/vendor/laravel/framework/src/Illuminate/Pipeline/Pipeline.php:139
[26-Feb-2017 21:06:31 Asia/Tokyo] PHP  35. Illuminate\Routing\Router->Illuminate\Routing\{closure}() /home/ubuntu/workspace/kadai-microposts/vendor/laravel/framework/src/Illuminate/Pipeline/Pipeline.php:139
[26-Feb-2017 21:06:31 Asia/Tokyo] PHP  36. Illuminate\Routing\Route->run() /home/ubuntu/workspace/kadai-microposts/vendor/laravel/framework/src/Illuminate/Routing/Router.php:708
[26-Feb-2017 21:06:31 Asia/Tokyo] PHP  37. Illuminate\Routing\Route->runWithCustomDispatcher() /home/ubuntu/workspace/kadai-microposts/vendor/laravel/framework/src/Illuminate/Routing/Route.php:134
[26-Feb-2017 21:06:31 Asia/Tokyo] PHP  38. Illuminate\Routing\ControllerDispatcher->dispatch() /home/ubuntu/workspace/kadai-microposts/vendor/laravel/framework/src/Illuminate/Routing/Route.php:203
[26-Feb-2017 21:06:31 Asia/Tokyo] PHP  39. Illuminate\Routing\ControllerDispatcher->callWithinStack() /home/ubuntu/workspace/kadai-microposts/vendor/laravel/framework/src/Illuminate/Routing/ControllerDispatcher.php:69
[26-Feb-2017 21:06:31 Asia/Tokyo] PHP  40. Illuminate\Pipeline\Pipeline->then() /home/ubuntu/workspace/kadai-microposts/vendor/laravel/framework/src/Illuminate/Routing/ControllerDispatcher.php:114
[26-Feb-2017 21:06:31 Asia/Tokyo] PHP  41. call_user_func:{/home/ubuntu/workspace/kadai-microposts/vendor/laravel/framework/src/Illuminate/Pipeline/Pipeline.php:103}() /home/ubuntu/workspace/kadai-microposts/vendor/laravel/framework/src/Illuminate/Pipeline/Pipeline.php:103
[26-Feb-2017 21:06:31 Asia/Tokyo] PHP  42. Illuminate\Pipeline\Pipeline->Illuminate\Pipeline\{closure}() /home/ubuntu/workspace/kadai-microposts/vendor/laravel/framework/src/Illuminate/Pipeline/Pipeline.php:103
[26-Feb-2017 21:06:31 Asia/Tokyo] PHP  43. call_user_func:{/home/ubuntu/workspace/kadai-microposts/vendor/laravel/framework/src/Illuminate/Pipeline/Pipeline.php:139}() /home/ubuntu/workspace/kadai-microposts/vendor/laravel/framework/src/Illuminate/Pipeline/Pipeline.php:139
[26-Feb-2017 21:06:31 Asia/Tokyo] PHP  44. Illuminate\Routing\ControllerDispatcher->Illuminate\Routing\{closure}() /home/ubuntu/workspace/kadai-microposts/vendor/laravel/framework/src/Illuminate/Pipeline/Pipeline.php:139
[26-Feb-2017 21:06:31 Asia/Tokyo] PHP  45. Illuminate\Routing\Router->prepareResponse() /home/ubuntu/workspace/kadai-microposts/vendor/laravel/framework/src/Illuminate/Routing/ControllerDispatcher.php:113
[26-Feb-2017 21:06:31 Asia/Tokyo] PHP  46. Symfony\Component\HttpFoundation\Response->__construct() /home/ubuntu/workspace/kadai-microposts/vendor/laravel/framework/src/Illuminate/Routing/Router.php:1229
[26-Feb-2017 21:06:31 Asia/Tokyo] PHP  47. Illuminate\Http\Response->setContent() /home/ubuntu/workspace/kadai-microposts/vendor/symfony/http-foundation/Response.php:202
[26-Feb-2017 21:06:31 Asia/Tokyo] PHP  48. Illuminate\View\View->render() /home/ubuntu/workspace/kadai-microposts/vendor/laravel/framework/src/Illuminate/Http/Response.php:51
[26-Feb-2017 21:06:31 Asia/Tokyo] PHP  49. Illuminate\View\View->renderContents() /home/ubuntu/workspace/kadai-microposts/vendor/laravel/framework/src/Illuminate/View/View.php:83
[26-Feb-2017 21:06:31 Asia/Tokyo] PHP  50. Illuminate\View\View->getContents() /home/ubuntu/workspace/kadai-microposts/vendor/laravel/framework/src/Illuminate/View/View.php:118
[26-Feb-2017 21:06:31 Asia/Tokyo] PHP  51. Illuminate\View\Engines\CompilerEngine->get() /home/ubuntu/workspace/kadai-microposts/vendor/laravel/framework/src/Illuminate/View/View.php:147
[26-Feb-2017 21:06:31 Asia/Tokyo] PHP  52. Illuminate\View\Engines\PhpEngine->evaluatePath() /home/ubuntu/workspace/kadai-microposts/vendor/laravel/framework/src/Illuminate/View/Engines/CompilerEngine.php:58
[26-Feb-2017 21:06:31 Asia/Tokyo] PHP  53. include() /home/ubuntu/workspace/kadai-microposts/vendor/laravel/framework/src/Illuminate/View/Engines/PhpEngine.php:42
[26-Feb-2017 21:06:31 Asia/Tokyo] PHP  54. Illuminate\View\View->render() /home/ubuntu/workspace/kadai-microposts/storage/framework/views/4ae73aa09e0c66163fc8447ab3820131:19
[26-Feb-2017 21:06:31 Asia/Tokyo] PHP  55. Illuminate\View\View->renderContents() /home/ubuntu/workspace/kadai-microposts/vendor/laravel/framework/src/Illuminate/View/View.php:83
[26-Feb-2017 21:06:31 Asia/Tokyo] PHP  56. Illuminate\View\View->getContents() /home/ubuntu/workspace/kadai-microposts/vendor/laravel/framework/src/Illuminate/View/View.php:118
[26-Feb-2017 21:06:31 Asia/Tokyo] PHP  57. Illuminate\View\Engines\CompilerEngine->get() /home/ubuntu/workspace/kadai-microposts/vendor/laravel/framework/src/Illuminate/View/View.php:147
[26-Feb-2017 21:06:31 Asia/Tokyo] PHP  58. Illuminate\View\Engines\PhpEngine->evaluatePath() /home/ubuntu/workspace/kadai-microposts/vendor/laravel/framework/src/Illuminate/View/Engines/CompilerEngine.php:58
[26-Feb-2017 22:10:54 Asia/Tokyo] PHP Fatal error:  Class 'App\Auth' not found in /home/ubuntu/workspace/kadai-microposts/app/User.php on line 118
[26-Feb-2017 22:10:54 Asia/Tokyo] PHP Stack trace:
[26-Feb-2017 22:10:54 Asia/Tokyo] PHP   1. {main}() /home/ubuntu/workspace/kadai-microposts/server.php:0
[26-Feb-2017 22:10:54 Asia/Tokyo] PHP   2. require_once() /home/ubuntu/workspace/kadai-microposts/server.php:21
[26-Feb-2017 22:10:54 Asia/Tokyo] PHP   3. Illuminate\Foundation\Http\Kernel->handle() /home/ubuntu/workspace/kadai-microposts/public/index.php:54
[26-Feb-2017 22:10:54 Asia/Tokyo] PHP   4. Illuminate\Foundation\Http\Kernel->sendRequestThroughRouter() /home/ubuntu/workspace/kadai-microposts/vendor/laravel/framework/src/Illuminate/Foundation/Http/Kernel.php:87
[26-Feb-2017 22:10:54 Asia/Tokyo] PHP   5. Illuminate\Pipeline\Pipeline->then() /home/ubuntu/workspace/kadai-microposts/vendor/laravel/framework/src/Illuminate/Foundation/Http/Kernel.php:122
[26-Feb-2017 22:10:54 Asia/Tokyo] PHP   6. call_user_func:{/home/ubuntu/workspace/kadai-microposts/vendor/laravel/framework/src/Illuminate/Pipeline/Pipeline.php:103}() /home/ubuntu/workspace/kadai-microposts/vendor/laravel/framework/src/Illuminate/Pipeline/Pipeline.php:103
[26-Feb-2017 22:10:54 Asia/Tokyo] PHP   7. Illuminate\Pipeline\Pipeline->Illuminate\Pipeline\{closure}() /home/ubuntu/workspace/kadai-microposts/vendor/laravel/framework/src/Illuminate/Pipeline/Pipeline.php:103
[26-Feb-2017 22:10:54 Asia/Tokyo] PHP   8. call_user_func_array:{/home/ubuntu/workspace/kadai-microposts/vendor/laravel/framework/src/Illuminate/Pipeline/Pipeline.php:124}() /home/ubuntu/workspace/kadai-microposts/vendor/laravel/framework/src/Illuminate/Pipeline/Pipeline.php:124
[26-Feb-2017 22:10:54 Asia/Tokyo] PHP   9. Illuminate\Foundation\Http\Middleware\CheckForMaintenanceMode->handle() /home/ubuntu/workspace/kadai-microposts/vendor/laravel/framework/src/Illuminate/Pipeline/Pipeline.php:124
[26-Feb-2017 22:10:54 Asia/Tokyo] PHP  10. Illuminate\Pipeline\Pipeline->Illuminate\Pipeline\{closure}() /home/ubuntu/workspace/kadai-microposts/vendor/laravel/framework/src/Illuminate/Foundation/Http/Middleware/CheckForMaintenanceMode.php:44
[26-Feb-2017 22:10:54 Asia/Tokyo] PHP  11. call_user_func_array:{/home/ubuntu/workspace/kadai-microposts/vendor/laravel/framework/src/Illuminate/Pipeline/Pipeline.php:124}() /home/ubuntu/workspace/kadai-microposts/vendor/laravel/framework/src/Illuminate/Pipeline/Pipeline.php:124
[26-Feb-2017 22:10:54 Asia/Tokyo] PHP  12. Illuminate\Cookie\Middleware\EncryptCookies->handle() /home/ubuntu/workspace/kadai-microposts/vendor/laravel/framework/src/Illuminate/Pipeline/Pipeline.php:124
[26-Feb-2017 22:10:54 Asia/Tokyo] PHP  13. Illuminate\Pipeline\Pipeline->Illuminate\Pipeline\{closure}() /home/ubuntu/workspace/kadai-microposts/vendor/laravel/framework/src/Illuminate/Cookie/Middleware/EncryptCookies.php:59
[26-Feb-2017 22:10:54 Asia/Tokyo] PHP  14. call_user_func_array:{/home/ubuntu/workspace/kadai-microposts/vendor/laravel/framework/src/Illuminate/Pipeline/Pipeline.php:124}() /home/ubuntu/workspace/kadai-microposts/vendor/laravel/framework/src/Illuminate/Pipeline/Pipeline.php:124
[26-Feb-2017 22:10:54 Asia/Tokyo] PHP  15. Illuminate\Cookie\Middleware\AddQueuedCookiesToResponse->handle() /home/ubuntu/workspace/kadai-microposts/vendor/laravel/framework/src/Illuminate/Pipeline/Pipeline.php:124
[26-Feb-2017 22:10:54 Asia/Tokyo] PHP  16. Illuminate\Pipeline\Pipeline->Illuminate\Pipeline\{closure}() /home/ubuntu/workspace/kadai-microposts/vendor/laravel/framework/src/Illuminate/Cookie/Middleware/AddQueuedCookiesToResponse.php:37
[26-Feb-2017 22:10:54 Asia/Tokyo] PHP  17. call_user_func_array:{/home/ubuntu/workspace/kadai-microposts/vendor/laravel/framework/src/Illuminate/Pipeline/Pipeline.php:124}() /home/ubuntu/workspace/kadai-microposts/vendor/laravel/framework/src/Illuminate/Pipeline/Pipeline.php:124
[26-Feb-2017 22:10:54 Asia/Tokyo] PHP  18. Illuminate\Session\Middleware\StartSession->handle() /home/ubuntu/workspace/kadai-microposts/vendor/laravel/framework/src/Illuminate/Pipeline/Pipeline.php:124
[26-Feb-2017 22:10:54 Asia/Tokyo] PHP  19. Illuminate\Pipeline\Pipeline->Illuminate\Pipeline\{closure}() /home/ubuntu/workspace/kadai-microposts/vendor/laravel/framework/src/Illuminate/Session/Middleware/StartSession.php:62
[26-Feb-2017 22:10:54 Asia/Tokyo] PHP  20. call_user_func_array:{/home/ubuntu/workspace/kadai-microposts/vendor/laravel/framework/src/Illuminate/Pipeline/Pipeline.php:124}() /home/ubuntu/workspace/kadai-microposts/vendor/laravel/framework/src/Illuminate/Pipeline/Pipeline.php:124
[26-Feb-2017 22:10:54 Asia/Tokyo] PHP  21. Illuminate\View\Middleware\ShareErrorsFromSession->handle() /home/ubuntu/workspace/kadai-microposts/vendor/laravel/framework/src/Illuminate/Pipeline/Pipeline.php:124
[26-Feb-2017 22:10:54 Asia/Tokyo] PHP  22. Illuminate\Pipeline\Pipeline->Illuminate\Pipeline\{closure}() /home/ubuntu/workspace/kadai-microposts/vendor/laravel/framework/src/Illuminate/View/Middleware/ShareErrorsFromSession.php:49
[26-Feb-2017 22:10:54 Asia/Tokyo] PHP  23. call_user_func_array:{/home/ubuntu/workspace/kadai-microposts/vendor/laravel/framework/src/Illuminate/Pipeline/Pipeline.php:124}() /home/ubuntu/workspace/kadai-microposts/vendor/laravel/framework/src/Illuminate/Pipeline/Pipeline.php:124
[26-Feb-2017 22:10:54 Asia/Tokyo] PHP  24. Illuminate\Foundation\Http\Middleware\VerifyCsrfToken->handle() /home/ubuntu/workspace/kadai-microposts/vendor/laravel/framework/src/Illuminate/Pipeline/Pipeline.php:124
[26-Feb-2017 22:10:54 Asia/Tokyo] PHP  25. Illuminate\Pipeline\Pipeline->Illuminate\Pipeline\{closure}() /home/ubuntu/workspace/kadai-microposts/vendor/laravel/framework/src/Illuminate/Foundation/Http/Middleware/VerifyCsrfToken.php:50
[26-Feb-2017 22:10:54 Asia/Tokyo] PHP  26. call_user_func:{/home/ubuntu/workspace/kadai-microposts/vendor/laravel/framework/src/Illuminate/Pipeline/Pipeline.php:139}() /home/ubuntu/workspace/kadai-microposts/vendor/laravel/framework/src/Illuminate/Pipeline/Pipeline.php:139
[26-Feb-2017 22:10:54 Asia/Tokyo] PHP  27. Illuminate\Foundation\Http\Kernel->Illuminate\Foundation\Http\{closure}() /home/ubuntu/workspace/kadai-microposts/vendor/laravel/framework/src/Illuminate/Pipeline/Pipeline.php:139
[26-Feb-2017 22:10:54 Asia/Tokyo] PHP  28. Illuminate\Routing\Router->dispatch() /home/ubuntu/workspace/kadai-microposts/vendor/laravel/framework/src/Illuminate/Foundation/Http/Kernel.php:236
[26-Feb-2017 22:10:54 Asia/Tokyo] PHP  29. Illuminate\Routing\Router->dispatchToRoute() /home/ubuntu/workspace/kadai-microposts/vendor/laravel/framework/src/Illuminate/Routing/Router.php:635
[26-Feb-2017 22:10:54 Asia/Tokyo] PHP  30. Illuminate\Routing\Router->runRouteWithinStack() /home/ubuntu/workspace/kadai-microposts/vendor/laravel/framework/src/Illuminate/Routing/Router.php:675
[26-Feb-2017 22:10:54 Asia/Tokyo] PHP  31. Illuminate\Pipeline\Pipeline->then() /home/ubuntu/workspace/kadai-microposts/vendor/laravel/framework/src/Illuminate/Routing/Router.php:710
[26-Feb-2017 22:10:54 Asia/Tokyo] PHP  32. call_user_func:{/home/ubuntu/workspace/kadai-microposts/vendor/laravel/framework/src/Illuminate/Pipeline/Pipeline.php:103}() /home/ubuntu/workspace/kadai-microposts/vendor/laravel/framework/src/Illuminate/Pipeline/Pipeline.php:103
[26-Feb-2017 22:10:54 Asia/Tokyo] PHP  33. Illuminate\Pipeline\Pipeline->Illuminate\Pipeline\{closure}() /home/ubuntu/workspace/kadai-microposts/vendor/laravel/framework/src/Illuminate/Pipeline/Pipeline.php:103
[26-Feb-2017 22:10:54 Asia/Tokyo] PHP  34. call_user_func_array:{/home/ubuntu/workspace/kadai-microposts/vendor/laravel/framework/src/Illuminate/Pipeline/Pipeline.php:124}() /home/ubuntu/workspace/kadai-microposts/vendor/laravel/framework/src/Illuminate/Pipeline/Pipeline.php:124
[26-Feb-2017 22:10:54 Asia/Tokyo] PHP  35. App\Http\Middleware\Authenticate->handle() /home/ubuntu/workspace/kadai-microposts/vendor/laravel/framework/src/Illuminate/Pipeline/Pipeline.php:124
[26-Feb-2017 22:10:54 Asia/Tokyo] PHP  36. Illuminate\Pipeline\Pipeline->Illuminate\Pipeline\{closure}() /home/ubuntu/workspace/kadai-microposts/app/Http/Middleware/Authenticate.php:46
[26-Feb-2017 22:10:54 Asia/Tokyo] PHP  37. call_user_func:{/home/ubuntu/workspace/kadai-microposts/vendor/laravel/framework/src/Illuminate/Pipeline/Pipeline.php:139}() /home/ubuntu/workspace/kadai-microposts/vendor/laravel/framework/src/Illuminate/Pipeline/Pipeline.php:139
[26-Feb-2017 22:10:54 Asia/Tokyo] PHP  38. Illuminate\Routing\Router->Illuminate\Routing\{closure}() /home/ubuntu/workspace/kadai-microposts/vendor/laravel/framework/src/Illuminate/Pipeline/Pipeline.php:139
[26-Feb-2017 22:10:54 Asia/Tokyo] PHP  39. Illuminate\Routing\Route->run() /home/ubuntu/workspace/kadai-microposts/vendor/laravel/framework/src/Illuminate/Routing/Router.php:708
[26-Feb-2017 22:10:54 Asia/Tokyo] PHP  40. Illuminate\Routing\Route->runWithCustomDispatcher() /home/ubuntu/workspace/kadai-microposts/vendor/laravel/framework/src/Illuminate/Routing/Route.php:134
[26-Feb-2017 22:10:54 Asia/Tokyo] PHP  41. Illuminate\Routing\ControllerDispatcher->dispatch() /home/ubuntu/workspace/kadai-microposts/vendor/laravel/framework/src/Illuminate/Routing/Route.php:203
[26-Feb-2017 22:10:54 Asia/Tokyo] PHP  42. Illuminate\Routing\ControllerDispatcher->callWithinStack() /home/ubuntu/workspace/kadai-microposts/vendor/laravel/framework/src/Illuminate/Routing/ControllerDispatcher.php:69
[26-Feb-2017 22:10:54 Asia/Tokyo] PHP  43. Illuminate\Pipeline\Pipeline->then() /home/ubuntu/workspace/kadai-microposts/vendor/laravel/framework/src/Illuminate/Routing/ControllerDispatcher.php:114
[26-Feb-2017 22:10:54 Asia/Tokyo] PHP  44. call_user_func:{/home/ubuntu/workspace/kadai-microposts/vendor/laravel/framework/src/Illuminate/Pipeline/Pipeline.php:103}() /home/ubuntu/workspace/kadai-microposts/vendor/laravel/framework/src/Illuminate/Pipeline/Pipeline.php:103
[26-Feb-2017 22:10:54 Asia/Tokyo] PHP  45. Illuminate\Pipeline\Pipeline->Illuminate\Pipeline\{closure}() /home/ubuntu/workspace/kadai-microposts/vendor/laravel/framework/src/Illuminate/Pipeline/Pipeline.php:103
[26-Feb-2017 22:10:54 Asia/Tokyo] PHP  46. call_user_func:{/home/ubuntu/workspace/kadai-microposts/vendor/laravel/framework/src/Illuminate/Pipeline/Pipeline.php:139}() /home/ubuntu/workspace/kadai-microposts/vendor/laravel/framework/src/Illuminate/Pipeline/Pipeline.php:139
[26-Feb-2017 22:10:54 Asia/Tokyo] PHP  47. Illuminate\Routing\ControllerDispatcher->Illuminate\Routing\{closure}() /home/ubuntu/workspace/kadai-microposts/vendor/laravel/framework/src/Illuminate/Pipeline/Pipeline.php:139
[26-Feb-2017 22:10:54 Asia/Tokyo] PHP  48. Illuminate\Routing\ControllerDispatcher->call() /home/ubuntu/workspace/kadai-microposts/vendor/laravel/framework/src/Illuminate/Routing/ControllerDispatcher.php:112
[26-Feb-2017 22:10:54 Asia/Tokyo] PHP  49. Illuminate\Routing\Controller->callAction() /home/ubuntu/workspace/kadai-microposts/vendor/laravel/framework/src/Illuminate/Routing/ControllerDispatcher.php:164
[26-Feb-2017 22:10:54 Asia/Tokyo] PHP  50. call_user_func_array:{/home/ubuntu/workspace/kadai-microposts/vendor/laravel/framework/src/Illuminate/Routing/Controller.php:256}() /home/ubuntu/workspace/kadai-microposts/vendor/laravel/framework/src/Illuminate/Routing/Controller.php:256
[26-Feb-2017 22:10:54 Asia/Tokyo] PHP  51. App\Http\Controllers\UserFavoriteController->store() /home/ubuntu/workspace/kadai-microposts/vendor/laravel/framework/src/Illuminate/Routing/Controller.php:256
[26-Feb-2017 22:10:54 Asia/Tokyo] PHP  52. App\User->add_favorite() /home/ubuntu/workspace/kadai-microposts/app/Http/Controllers/UserFavoriteController.php:43
